   1               		.file	"keymap_common.c"
   2               	__SP_H__ = 0x3e
   3               	__SP_L__ = 0x3d
   4               	__SREG__ = 0x3f
   5               	__tmp_reg__ = 0
   6               	__zero_reg__ = 1
   7               		.text
   8               	.Ltext0:
   9               		.cfi_sections	.debug_frame
  10               		.section	.text.action_get_macro,"ax",@progbits
  11               		.weak	action_get_macro
  13               	action_get_macro:
  14               	.LVL0:
  15               	.LFB108:
  16               		.file 1 "quantum/keymap_common.c"
   1:quantum/keymap_common.c **** /*
   2:quantum/keymap_common.c **** Copyright 2012,2013 Jun Wako <wakojun@gmail.com>
   3:quantum/keymap_common.c **** 
   4:quantum/keymap_common.c **** This program is free software: you can redistribute it and/or modify
   5:quantum/keymap_common.c **** it under the terms of the GNU General Public License as published by
   6:quantum/keymap_common.c **** the Free Software Foundation, either version 2 of the License, or
   7:quantum/keymap_common.c **** (at your option) any later version.
   8:quantum/keymap_common.c **** 
   9:quantum/keymap_common.c **** This program is distributed in the hope that it will be useful,
  10:quantum/keymap_common.c **** but WITHOUT ANY WARRANTY; without even the implied warranty of
  11:quantum/keymap_common.c **** MERCHANTABILITY or FITNESS FOR A PARTICULAR PURPOSE.  See the
  12:quantum/keymap_common.c **** GNU General Public License for more details.
  13:quantum/keymap_common.c **** 
  14:quantum/keymap_common.c **** You should have received a copy of the GNU General Public License
  15:quantum/keymap_common.c **** along with this program.  If not, see <http://www.gnu.org/licenses/>.
  16:quantum/keymap_common.c **** */
  17:quantum/keymap_common.c **** 
  18:quantum/keymap_common.c **** #include "keymap.h"
  19:quantum/keymap_common.c **** #include "report.h"
  20:quantum/keymap_common.c **** #include "keycode.h"
  21:quantum/keymap_common.c **** #include "action_layer.h"
  22:quantum/keymap_common.c **** #if defined(__AVR__)
  23:quantum/keymap_common.c **** #include <util/delay.h>
  24:quantum/keymap_common.c **** #include <stdio.h>
  25:quantum/keymap_common.c **** #endif
  26:quantum/keymap_common.c **** #include "action.h"
  27:quantum/keymap_common.c **** #include "action_macro.h"
  28:quantum/keymap_common.c **** #include "debug.h"
  29:quantum/keymap_common.c **** #include "backlight.h"
  30:quantum/keymap_common.c **** #include "quantum.h"
  31:quantum/keymap_common.c **** 
  32:quantum/keymap_common.c **** #ifdef MIDI_ENABLE
  33:quantum/keymap_common.c **** 	#include "process_midi.h"
  34:quantum/keymap_common.c **** #endif
  35:quantum/keymap_common.c **** 
  36:quantum/keymap_common.c **** extern keymap_config_t keymap_config;
  37:quantum/keymap_common.c **** 
  38:quantum/keymap_common.c **** #include <inttypes.h>
  39:quantum/keymap_common.c **** 
  40:quantum/keymap_common.c **** /* converts key to action */
  41:quantum/keymap_common.c **** action_t action_for_key(uint8_t layer, keypos_t key)
  42:quantum/keymap_common.c **** {
  43:quantum/keymap_common.c ****     // 16bit keycodes - important
  44:quantum/keymap_common.c ****     uint16_t keycode = keymap_key_to_keycode(layer, key);
  45:quantum/keymap_common.c **** 
  46:quantum/keymap_common.c ****     // keycode remapping
  47:quantum/keymap_common.c ****     keycode = keycode_config(keycode);
  48:quantum/keymap_common.c **** 
  49:quantum/keymap_common.c ****     action_t action;
  50:quantum/keymap_common.c ****     uint8_t action_layer, when, mod;
  51:quantum/keymap_common.c **** 
  52:quantum/keymap_common.c ****     switch (keycode) {
  53:quantum/keymap_common.c ****         case KC_FN0 ... KC_FN31:
  54:quantum/keymap_common.c ****             action.code = keymap_function_id_to_action(FN_INDEX(keycode));
  55:quantum/keymap_common.c ****             break;
  56:quantum/keymap_common.c ****         case KC_A ... KC_EXSEL:
  57:quantum/keymap_common.c ****         case KC_LCTRL ... KC_RGUI:
  58:quantum/keymap_common.c ****             action.code = ACTION_KEY(keycode);
  59:quantum/keymap_common.c ****             break;
  60:quantum/keymap_common.c ****         case KC_SYSTEM_POWER ... KC_SYSTEM_WAKE:
  61:quantum/keymap_common.c ****             action.code = ACTION_USAGE_SYSTEM(KEYCODE2SYSTEM(keycode));
  62:quantum/keymap_common.c ****             break;
  63:quantum/keymap_common.c ****         case KC_AUDIO_MUTE ... KC_MEDIA_REWIND:
  64:quantum/keymap_common.c ****             action.code = ACTION_USAGE_CONSUMER(KEYCODE2CONSUMER(keycode));
  65:quantum/keymap_common.c ****             break;
  66:quantum/keymap_common.c ****         case KC_MS_UP ... KC_MS_ACCEL2:
  67:quantum/keymap_common.c ****             action.code = ACTION_MOUSEKEY(keycode);
  68:quantum/keymap_common.c ****             break;
  69:quantum/keymap_common.c ****         case KC_TRNS:
  70:quantum/keymap_common.c ****             action.code = ACTION_TRANSPARENT;
  71:quantum/keymap_common.c ****             break;
  72:quantum/keymap_common.c ****         case QK_MODS ... QK_MODS_MAX: ;
  73:quantum/keymap_common.c ****             // Has a modifier
  74:quantum/keymap_common.c ****             // Split it up
  75:quantum/keymap_common.c ****             action.code = ACTION_MODS_KEY(keycode >> 8, keycode & 0xFF); // adds modifier to key
  76:quantum/keymap_common.c ****             break;
  77:quantum/keymap_common.c ****         case QK_FUNCTION ... QK_FUNCTION_MAX: ;
  78:quantum/keymap_common.c ****             // Is a shortcut for function action_layer, pull last 12bits
  79:quantum/keymap_common.c ****             // This means we have 4,096 FN macros at our disposal
  80:quantum/keymap_common.c ****             action.code = keymap_function_id_to_action( (int)keycode & 0xFFF );
  81:quantum/keymap_common.c ****             break;
  82:quantum/keymap_common.c ****         case QK_MACRO ... QK_MACRO_MAX:
  83:quantum/keymap_common.c ****             action.code = ACTION_MACRO(keycode & 0xFF);
  84:quantum/keymap_common.c ****             break;
  85:quantum/keymap_common.c ****         case QK_LAYER_TAP ... QK_LAYER_TAP_MAX:
  86:quantum/keymap_common.c ****             action.code = ACTION_LAYER_TAP_KEY((keycode >> 0x8) & 0xF, keycode & 0xFF);
  87:quantum/keymap_common.c ****             break;
  88:quantum/keymap_common.c ****         case QK_TO ... QK_TO_MAX: ;
  89:quantum/keymap_common.c ****             // Layer set "GOTO"
  90:quantum/keymap_common.c ****             when = (keycode >> 0x4) & 0x3;
  91:quantum/keymap_common.c ****             action_layer = keycode & 0xF;
  92:quantum/keymap_common.c ****             action.code = ACTION_LAYER_SET(action_layer, when);
  93:quantum/keymap_common.c ****             break;
  94:quantum/keymap_common.c ****         case QK_MOMENTARY ... QK_MOMENTARY_MAX: ;
  95:quantum/keymap_common.c ****             // Momentary action_layer
  96:quantum/keymap_common.c ****             action_layer = keycode & 0xFF;
  97:quantum/keymap_common.c ****             action.code = ACTION_LAYER_MOMENTARY(action_layer);
  98:quantum/keymap_common.c ****             break;
  99:quantum/keymap_common.c ****         case QK_DEF_LAYER ... QK_DEF_LAYER_MAX: ;
 100:quantum/keymap_common.c ****             // Set default action_layer
 101:quantum/keymap_common.c ****             action_layer = keycode & 0xFF;
 102:quantum/keymap_common.c ****             action.code = ACTION_DEFAULT_LAYER_SET(action_layer);
 103:quantum/keymap_common.c ****             break;
 104:quantum/keymap_common.c ****         case QK_TOGGLE_LAYER ... QK_TOGGLE_LAYER_MAX: ;
 105:quantum/keymap_common.c ****             // Set toggle
 106:quantum/keymap_common.c ****             action_layer = keycode & 0xFF;
 107:quantum/keymap_common.c ****             action.code = ACTION_LAYER_TOGGLE(action_layer);
 108:quantum/keymap_common.c ****             break;
 109:quantum/keymap_common.c ****         case QK_ONE_SHOT_LAYER ... QK_ONE_SHOT_LAYER_MAX: ;
 110:quantum/keymap_common.c ****             // OSL(action_layer) - One-shot action_layer
 111:quantum/keymap_common.c ****             action_layer = keycode & 0xFF;
 112:quantum/keymap_common.c ****             action.code = ACTION_LAYER_ONESHOT(action_layer);
 113:quantum/keymap_common.c ****             break;
 114:quantum/keymap_common.c ****         case QK_ONE_SHOT_MOD ... QK_ONE_SHOT_MOD_MAX: ;
 115:quantum/keymap_common.c ****             // OSM(mod) - One-shot mod
 116:quantum/keymap_common.c ****             mod = keycode & 0xFF;
 117:quantum/keymap_common.c ****             action.code = ACTION_MODS_ONESHOT(mod);
 118:quantum/keymap_common.c ****             break;
 119:quantum/keymap_common.c ****         case QK_MOD_TAP ... QK_MOD_TAP_MAX:
 120:quantum/keymap_common.c ****             action.code = ACTION_MODS_TAP_KEY((keycode >> 0x8) & 0xF, keycode & 0xFF);
 121:quantum/keymap_common.c ****             break;
 122:quantum/keymap_common.c ****     #ifdef BACKLIGHT_ENABLE
 123:quantum/keymap_common.c ****         case BL_0 ... BL_15:
 124:quantum/keymap_common.c ****             action.code = ACTION_BACKLIGHT_LEVEL(keycode - BL_0);
 125:quantum/keymap_common.c ****             break;
 126:quantum/keymap_common.c ****         case BL_DEC:
 127:quantum/keymap_common.c ****             action.code = ACTION_BACKLIGHT_DECREASE();
 128:quantum/keymap_common.c ****             break;
 129:quantum/keymap_common.c ****         case BL_INC:
 130:quantum/keymap_common.c ****             action.code = ACTION_BACKLIGHT_INCREASE();
 131:quantum/keymap_common.c ****             break;
 132:quantum/keymap_common.c ****         case BL_TOGG:
 133:quantum/keymap_common.c ****             action.code = ACTION_BACKLIGHT_TOGGLE();
 134:quantum/keymap_common.c ****             break;
 135:quantum/keymap_common.c ****         case BL_STEP:
 136:quantum/keymap_common.c ****             action.code = ACTION_BACKLIGHT_STEP();
 137:quantum/keymap_common.c ****             break;
 138:quantum/keymap_common.c ****     #endif
 139:quantum/keymap_common.c ****         default:
 140:quantum/keymap_common.c ****             action.code = ACTION_NO;
 141:quantum/keymap_common.c ****             break;
 142:quantum/keymap_common.c ****     }
 143:quantum/keymap_common.c ****     return action;
 144:quantum/keymap_common.c **** }
 145:quantum/keymap_common.c **** 
 146:quantum/keymap_common.c **** __attribute__ ((weak))
 147:quantum/keymap_common.c **** const uint16_t PROGMEM fn_actions[] = {
 148:quantum/keymap_common.c **** 
 149:quantum/keymap_common.c **** };
 150:quantum/keymap_common.c **** 
 151:quantum/keymap_common.c **** /* Macro */
 152:quantum/keymap_common.c **** __attribute__ ((weak))
 153:quantum/keymap_common.c **** const macro_t *action_get_macro(keyrecord_t *record, uint8_t id, uint8_t opt)
 154:quantum/keymap_common.c **** {
  17               		.loc 1 154 1 view -0
  18               		.cfi_startproc
  19               	/* prologue: function */
  20               	/* frame size = 0 */
  21               	/* stack size = 0 */
  22               	.L__stack_usage = 0
 155:quantum/keymap_common.c ****     return MACRO_NONE;
  23               		.loc 1 155 5 view .LVU1
 156:quantum/keymap_common.c **** }
  24               		.loc 1 156 1 is_stmt 0 view .LVU2
  25 0000 90E0      		ldi r25,0
  26 0002 80E0      		ldi r24,0
  27               	.LVL1:
  28               	/* epilogue start */
  29               		.loc 1 156 1 view .LVU3
  30 0004 0895      		ret
  31               		.cfi_endproc
  32               	.LFE108:
  34               		.section	.text.action_function,"ax",@progbits
  35               		.weak	action_function
  37               	action_function:
  38               	.LVL2:
  39               	.LFB109:
 157:quantum/keymap_common.c **** 
 158:quantum/keymap_common.c **** /* Function */
 159:quantum/keymap_common.c **** __attribute__ ((weak))
 160:quantum/keymap_common.c **** void action_function(keyrecord_t *record, uint8_t id, uint8_t opt)
 161:quantum/keymap_common.c **** {
  40               		.loc 1 161 1 is_stmt 1 view -0
  41               		.cfi_startproc
  42               	/* prologue: function */
  43               	/* frame size = 0 */
  44               	/* stack size = 0 */
  45               	.L__stack_usage = 0
 162:quantum/keymap_common.c **** }
  46               		.loc 1 162 1 view .LVU5
  47               	/* epilogue start */
  48 0000 0895      		ret
  49               		.cfi_endproc
  50               	.LFE109:
  52               		.section	.text.keymap_key_to_keycode,"ax",@progbits
  53               		.weak	keymap_key_to_keycode
  55               	keymap_key_to_keycode:
  56               	.LVL3:
  57               	.LFB110:
 163:quantum/keymap_common.c **** 
 164:quantum/keymap_common.c **** // translates key to keycode
 165:quantum/keymap_common.c **** __attribute__ ((weak))
 166:quantum/keymap_common.c **** uint16_t keymap_key_to_keycode(uint8_t layer, keypos_t key)
 167:quantum/keymap_common.c **** {
  58               		.loc 1 167 1 view -0
  59               		.cfi_startproc
  60               	/* prologue: function */
  61               	/* frame size = 0 */
  62               	/* stack size = 0 */
  63               	.L__stack_usage = 0
 168:quantum/keymap_common.c ****     // Read entire word (16bits)
 169:quantum/keymap_common.c ****     return pgm_read_word(&keymaps[(layer)][(key.row)][(key.col)]);
  64               		.loc 1 169 5 view .LVU7
  65               	.LBB2:
  66               		.loc 1 169 12 view .LVU8
  67 0000 E82F      		mov r30,r24
  68 0002 F0E0      		ldi r31,0
  69 0004 EE0F      		lsl r30
  70 0006 FF1F      		rol r31
  71               	.LVL4:
  72               		.loc 1 169 12 is_stmt 0 view .LVU9
  73 0008 E70F      		add r30,r23
  74 000a F11D      		adc r31,__zero_reg__
  75 000c EE0F      		lsl r30
  76 000e FF1F      		rol r31
  77 0010 E60F      		add r30,r22
  78 0012 F11D      		adc r31,__zero_reg__
  79 0014 EE0F      		lsl r30
  80 0016 FF1F      		rol r31
  81 0018 E050      		subi r30,lo8(-(keymaps))
  82 001a F040      		sbci r31,hi8(-(keymaps))
  83               	.LVL5:
  84               		.loc 1 169 12 is_stmt 1 view .LVU10
  85               		.loc 1 169 12 view .LVU11
  86               	/* #APP */
  87               	 ;  169 "quantum/keymap_common.c" 1
  88 001c 8591      		lpm r24, Z+
  89 001e 9491      		lpm r25, Z
  90               		
  91               	 ;  0 "" 2
  92               	.LVL6:
  93               		.loc 1 169 12 view .LVU12
  94               	/* #NOAPP */
  95               	/* epilogue start */
  96               	.LBE2:
 170:quantum/keymap_common.c **** }
  97               		.loc 1 170 1 is_stmt 0 view .LVU13
  98 0020 0895      		ret
  99               		.cfi_endproc
 100               	.LFE110:
 102               		.section	.text.keymap_function_id_to_action,"ax",@progbits
 103               		.weak	keymap_function_id_to_action
 105               	keymap_function_id_to_action:
 106               	.LVL7:
 107               	.LFB111:
 171:quantum/keymap_common.c **** 
 172:quantum/keymap_common.c **** // translates function id to action
 173:quantum/keymap_common.c **** __attribute__ ((weak))
 174:quantum/keymap_common.c **** uint16_t keymap_function_id_to_action( uint16_t function_id )
 175:quantum/keymap_common.c **** {
 108               		.loc 1 175 1 is_stmt 1 view -0
 109               		.cfi_startproc
 110               	/* prologue: function */
 111               	/* frame size = 0 */
 112               	/* stack size = 0 */
 113               	.L__stack_usage = 0
 176:quantum/keymap_common.c **** 	return pgm_read_word(&fn_actions[function_id]);
 114               		.loc 1 176 2 view .LVU15
 115               	.LBB3:
 116               		.loc 1 176 9 view .LVU16
 117 0000 FC01      		movw r30,r24
 118 0002 EE0F      		lsl r30
 119 0004 FF1F      		rol r31
 120               	.LVL8:
 121               		.loc 1 176 9 is_stmt 0 view .LVU17
 122 0006 E050      		subi r30,lo8(-(fn_actions))
 123 0008 F040      		sbci r31,hi8(-(fn_actions))
 124               	.LVL9:
 125               		.loc 1 176 9 is_stmt 1 view .LVU18
 126               		.loc 1 176 9 view .LVU19
 127               	/* #APP */
 128               	 ;  176 "quantum/keymap_common.c" 1
 129 000a 8591      		lpm r24, Z+
 130 000c 9491      		lpm r25, Z
 131               		
 132               	 ;  0 "" 2
 133               	.LVL10:
 134               		.loc 1 176 9 view .LVU20
 135               	/* #NOAPP */
 136               	/* epilogue start */
 137               	.LBE3:
 177:quantum/keymap_common.c **** }
 138               		.loc 1 177 1 is_stmt 0 view .LVU21
 139 000e 0895      		ret
 140               		.cfi_endproc
 141               	.LFE111:
 143               		.section	.text.action_for_key,"ax",@progbits
 144               	.global	action_for_key
 146               	action_for_key:
 147               	.LVL11:
 148               	.LFB107:
  42:quantum/keymap_common.c ****     // 16bit keycodes - important
 149               		.loc 1 42 1 is_stmt 1 view -0
 150               		.cfi_startproc
 151               	/* prologue: function */
 152               	/* frame size = 0 */
 153               	/* stack size = 0 */
 154               	.L__stack_usage = 0
  44:quantum/keymap_common.c **** 
 155               		.loc 1 44 5 view .LVU23
  44:quantum/keymap_common.c **** 
 156               		.loc 1 44 24 is_stmt 0 view .LVU24
 157 0000 0E94 0000 		call keymap_key_to_keycode
 158               	.LVL12:
  47:quantum/keymap_common.c **** 
 159               		.loc 1 47 5 is_stmt 1 view .LVU25
  47:quantum/keymap_common.c **** 
 160               		.loc 1 47 15 is_stmt 0 view .LVU26
 161 0004 0E94 0000 		call keycode_config
 162               	.LVL13:
  49:quantum/keymap_common.c ****     uint8_t action_layer, when, mod;
 163               		.loc 1 49 5 is_stmt 1 view .LVU27
  50:quantum/keymap_common.c **** 
 164               		.loc 1 50 5 view .LVU28
  52:quantum/keymap_common.c ****         case KC_FN0 ... KC_FN31:
 165               		.loc 1 52 5 view .LVU29
 166 0008 8115      		cp r24,__zero_reg__
 167 000a 20E4      		ldi r18,64
 168 000c 9207      		cpc r25,r18
 169 000e 00F0      		brlo .+2
 170 0010 00C0      		rjmp .L6
 171 0012 8115      		cp r24,__zero_reg__
 172 0014 40E3      		ldi r20,48
 173 0016 9407      		cpc r25,r20
 174 0018 00F0      		brlo .+2
 175 001a 00C0      		rjmp .L7
 176 001c 803E      		cpi r24,-32
 177 001e 9105      		cpc r25,__zero_reg__
 178 0020 00F0      		brlo .+2
 179 0022 00C0      		rjmp .L8
 180 0024 803C      		cpi r24,-64
 181 0026 9105      		cpc r25,__zero_reg__
 182 0028 00F0      		brlo .+2
 183 002a 00C0      		rjmp .L9
 184 002c 883A      		cpi r24,-88
 185 002e 9105      		cpc r25,__zero_reg__
 186 0030 00F4      		brsh .L10
 187 0032 853A      		cpi r24,-91
 188 0034 9105      		cpc r25,__zero_reg__
 189 0036 00F0      		brlo .+2
 190 0038 00C0      		rjmp .L11
 191 003a 8130      		cpi r24,1
 192 003c 9105      		cpc r25,__zero_reg__
 193 003e 01F4      		brne .+2
 194 0040 00C0      		rjmp .L12
 195 0042 0097      		sbiw r24,0
 196 0044 01F4      		brne .+2
 197 0046 00C0      		rjmp .L12
 198 0048 8430      		cpi r24,4
 199 004a 9105      		cpc r25,__zero_reg__
 200 004c 00F0      		brlo .+2
 201 004e 00C0      		rjmp .L12
 202               	.LVL14:
 203               	.L31:
 140:quantum/keymap_common.c ****             break;
 204               		.loc 1 140 25 is_stmt 0 view .LVU30
 205 0050 90E0      		ldi r25,0
 206 0052 80E0      		ldi r24,0
 207 0054 0895      		ret
 208               	.LVL15:
 209               	.L10:
  52:quantum/keymap_common.c ****         case KC_FN0 ... KC_FN31:
 210               		.loc 1 52 5 view .LVU31
 211 0056 8D3B      		cpi r24,-67
 212 0058 9105      		cpc r25,__zero_reg__
 213 005a 00F4      		brsh .L31
  64:quantum/keymap_common.c ****             break;
 214               		.loc 1 64 13 is_stmt 1 view .LVU32
  64:quantum/keymap_common.c ****             break;
 215               		.loc 1 64 27 is_stmt 0 view .LVU33
 216 005c 883A      		cpi r24,-88
 217 005e 9105      		cpc r25,__zero_reg__
 218 0060 01F4      		brne .+2
 219 0062 00C0      		rjmp .L34
  64:quantum/keymap_common.c ****             break;
 220               		.loc 1 64 27 discriminator 1 view .LVU34
 221 0064 893A      		cpi r24,-87
 222 0066 9105      		cpc r25,__zero_reg__
 223 0068 01F4      		brne .+2
 224 006a 00C0      		rjmp .L35
  64:quantum/keymap_common.c ****             break;
 225               		.loc 1 64 27 discriminator 3 view .LVU35
 226 006c 8A3A      		cpi r24,-86
 227 006e 9105      		cpc r25,__zero_reg__
 228 0070 01F4      		brne .+2
 229 0072 00C0      		rjmp .L36
  64:quantum/keymap_common.c ****             break;
 230               		.loc 1 64 27 discriminator 5 view .LVU36
 231 0074 8B3A      		cpi r24,-85
 232 0076 9105      		cpc r25,__zero_reg__
 233 0078 01F4      		brne .+2
 234 007a 00C0      		rjmp .L37
  64:quantum/keymap_common.c ****             break;
 235               		.loc 1 64 27 discriminator 7 view .LVU37
 236 007c 8C3A      		cpi r24,-84
 237 007e 9105      		cpc r25,__zero_reg__
 238 0080 01F4      		brne .+2
 239 0082 00C0      		rjmp .L38
  64:quantum/keymap_common.c ****             break;
 240               		.loc 1 64 27 discriminator 9 view .LVU38
 241 0084 8B3B      		cpi r24,-69
 242 0086 9105      		cpc r25,__zero_reg__
 243 0088 01F4      		brne .+2
 244 008a 00C0      		rjmp .L39
  64:quantum/keymap_common.c ****             break;
 245               		.loc 1 64 27 discriminator 11 view .LVU39
 246 008c 8C3B      		cpi r24,-68
 247 008e 9105      		cpc r25,__zero_reg__
 248 0090 01F4      		brne .+2
 249 0092 00C0      		rjmp .L40
  64:quantum/keymap_common.c ****             break;
 250               		.loc 1 64 27 discriminator 13 view .LVU40
 251 0094 8D3A      		cpi r24,-83
 252 0096 9105      		cpc r25,__zero_reg__
 253 0098 01F4      		brne .+2
 254 009a 00C0      		rjmp .L41
  64:quantum/keymap_common.c ****             break;
 255               		.loc 1 64 27 discriminator 15 view .LVU41
 256 009c 803B      		cpi r24,-80
 257 009e 9105      		cpc r25,__zero_reg__
 258 00a0 01F4      		brne .+2
 259 00a2 00C0      		rjmp .L42
  64:quantum/keymap_common.c ****             break;
 260               		.loc 1 64 27 discriminator 17 view .LVU42
 261 00a4 8E3A      		cpi r24,-82
 262 00a6 9105      		cpc r25,__zero_reg__
 263 00a8 01F4      		brne .+2
 264 00aa 00C0      		rjmp .L43
  64:quantum/keymap_common.c ****             break;
 265               		.loc 1 64 27 discriminator 19 view .LVU43
 266 00ac 8F3A      		cpi r24,-81
 267 00ae 9105      		cpc r25,__zero_reg__
 268 00b0 01F4      		brne .+2
 269 00b2 00C0      		rjmp .L44
  64:quantum/keymap_common.c ****             break;
 270               		.loc 1 64 27 discriminator 21 view .LVU44
 271 00b4 813B      		cpi r24,-79
 272 00b6 9105      		cpc r25,__zero_reg__
 273 00b8 01F4      		brne .+2
 274 00ba 00C0      		rjmp .L45
  64:quantum/keymap_common.c ****             break;
 275               		.loc 1 64 27 discriminator 23 view .LVU45
 276 00bc 823B      		cpi r24,-78
 277 00be 9105      		cpc r25,__zero_reg__
 278 00c0 01F4      		brne .+2
 279 00c2 00C0      		rjmp .L46
  64:quantum/keymap_common.c ****             break;
 280               		.loc 1 64 27 discriminator 25 view .LVU46
 281 00c4 833B      		cpi r24,-77
 282 00c6 9105      		cpc r25,__zero_reg__
 283 00c8 01F4      		brne .+2
 284 00ca 00C0      		rjmp .L47
  64:quantum/keymap_common.c ****             break;
 285               		.loc 1 64 27 discriminator 27 view .LVU47
 286 00cc 843B      		cpi r24,-76
 287 00ce 9105      		cpc r25,__zero_reg__
 288 00d0 01F4      		brne .+2
 289 00d2 00C0      		rjmp .L48
  64:quantum/keymap_common.c ****             break;
 290               		.loc 1 64 27 discriminator 29 view .LVU48
 291 00d4 853B      		cpi r24,-75
 292 00d6 9105      		cpc r25,__zero_reg__
 293 00d8 01F4      		brne .+2
 294 00da 00C0      		rjmp .L49
  64:quantum/keymap_common.c ****             break;
 295               		.loc 1 64 27 discriminator 31 view .LVU49
 296 00dc 863B      		cpi r24,-74
 297 00de 9105      		cpc r25,__zero_reg__
 298 00e0 01F4      		brne .+2
 299 00e2 00C0      		rjmp .L50
  64:quantum/keymap_common.c ****             break;
 300               		.loc 1 64 27 discriminator 33 view .LVU50
 301 00e4 873B      		cpi r24,-73
 302 00e6 9105      		cpc r25,__zero_reg__
 303 00e8 01F4      		brne .+2
 304 00ea 00C0      		rjmp .L51
  64:quantum/keymap_common.c ****             break;
 305               		.loc 1 64 27 discriminator 35 view .LVU51
 306 00ec 883B      		cpi r24,-72
 307 00ee 9105      		cpc r25,__zero_reg__
 308 00f0 01F4      		brne .+2
 309 00f2 00C0      		rjmp .L52
  64:quantum/keymap_common.c ****             break;
 310               		.loc 1 64 27 discriminator 37 view .LVU52
 311 00f4 893B      		cpi r24,-71
 312 00f6 9105      		cpc r25,__zero_reg__
 313 00f8 01F4      		brne .+2
 314 00fa 00C0      		rjmp .L53
  64:quantum/keymap_common.c ****             break;
 315               		.loc 1 64 27 discriminator 39 view .LVU53
 316 00fc 8A3B      		cpi r24,-70
 317 00fe 9105      		cpc r25,__zero_reg__
 318 0100 01F4      		brne .+2
 319 0102 00C0      		rjmp .L54
  64:quantum/keymap_common.c ****             break;
 320               		.loc 1 64 27 view .LVU54
 321 0104 80E0      		ldi r24,0
 322 0106 94E4      		ldi r25,lo8(68)
 323               	.LVL16:
  64:quantum/keymap_common.c ****             break;
 324               		.loc 1 64 27 view .LVU55
 325 0108 0895      		ret
 326               	.LVL17:
 327               	.L8:
  52:quantum/keymap_common.c ****         case KC_FN0 ... KC_FN31:
 328               		.loc 1 52 5 view .LVU56
 329 010a 8F3F      		cpi r24,-1
 330 010c 9105      		cpc r25,__zero_reg__
 331 010e 01F0      		breq .+2
 332 0110 00F4      		brsh .L14
 333 0112 803F      		cpi r24,-16
 334 0114 9105      		cpc r25,__zero_reg__
 335 0116 00F0      		brlo .+2
 336 0118 00C0      		rjmp .L15
 337 011a 883E      		cpi r24,-24
 338 011c 9105      		cpc r25,__zero_reg__
 339 011e 00F0      		brlo .+2
 340 0120 00C0      		rjmp .L31
 341               	.LVL18:
 342               	.L12:
 143:quantum/keymap_common.c **** }
 343               		.loc 1 143 5 is_stmt 1 view .LVU57
 344               	/* epilogue start */
 144:quantum/keymap_common.c **** 
 345               		.loc 1 144 1 is_stmt 0 view .LVU58
 346 0122 0895      		ret
 347               	.LVL19:
 348               	.L14:
  52:quantum/keymap_common.c ****         case KC_FN0 ... KC_FN31:
 349               		.loc 1 52 5 view .LVU59
 350 0124 8115      		cp r24,__zero_reg__
 351 0126 60E2      		ldi r22,32
 352 0128 9607      		cpc r25,r22
 353 012a 00F0      		brlo .+2
 354 012c 00C0      		rjmp .L61
 355 012e 0895      		ret
 356               	.L6:
 357 0130 8115      		cp r24,__zero_reg__
 358 0132 73E5      		ldi r23,83
 359 0134 9707      		cpc r25,r23
 360 0136 00F4      		brsh .L17
 361 0138 8115      		cp r24,__zero_reg__
 362 013a 22E5      		ldi r18,82
 363 013c 9207      		cpc r25,r18
 364 013e 00F0      		brlo .+2
 365 0140 00C0      		rjmp .L18
 366 0142 8115      		cp r24,__zero_reg__
 367 0144 41E5      		ldi r20,81
 368 0146 9407      		cpc r25,r20
 369 0148 00F0      		brlo .+2
 370 014a 00C0      		rjmp .L19
 371 014c 8115      		cp r24,__zero_reg__
 372 014e 60E5      		ldi r22,80
 373 0150 9607      		cpc r25,r22
 374 0152 00F4      		brsh .+2
 375 0154 00C0      		rjmp .L62
  88:quantum/keymap_common.c ****             // Layer set "GOTO"
 376               		.loc 1 88 35 is_stmt 1 view .LVU60
  90:quantum/keymap_common.c ****             action_layer = keycode & 0xF;
 377               		.loc 1 90 13 view .LVU61
 378               	.LVL20:
  91:quantum/keymap_common.c ****             action.code = ACTION_LAYER_SET(action_layer, when);
 379               		.loc 1 91 13 view .LVU62
  92:quantum/keymap_common.c ****             break;
 380               		.loc 1 92 13 view .LVU63
  90:quantum/keymap_common.c ****             action_layer = keycode & 0xF;
 381               		.loc 1 90 29 is_stmt 0 view .LVU64
 382 0156 9C01      		movw r18,r24
 383 0158 54E0      		ldi r21,4
 384               		1:
 385 015a 3695      		lsr r19
 386 015c 2795      		ror r18
 387 015e 5A95      		dec r21
 388 0160 01F4      		brne 1b
  90:quantum/keymap_common.c ****             action_layer = keycode & 0xF;
 389               		.loc 1 90 18 view .LVU65
 390 0162 922F      		mov r25,r18
 391 0164 9370      		andi r25,lo8(3)
  92:quantum/keymap_common.c ****             break;
 392               		.loc 1 92 27 view .LVU66
 393 0166 282F      		mov r18,r24
 394 0168 2695      		lsr r18
 395 016a 2695      		lsr r18
 396 016c 2370      		andi r18,lo8(3)
 397 016e 70E2      		ldi r23,lo8(32)
 398 0170 279F      		mul r18,r23
 399 0172 9001      		movw r18,r0
 400 0174 1124      		clr __zero_reg__
 401 0176 392B      		or r19,r25
 402 0178 8370      		andi r24,lo8(3)
 403               	.LVL21:
  92:quantum/keymap_common.c ****             break;
 404               		.loc 1 92 27 view .LVU67
 405 017a 41E0      		ldi r20,lo8(1)
 406 017c 50E0      		ldi r21,0
 407 017e BA01      		movw r22,r20
 408 0180 00C0      		rjmp 2f
 409               		1:
 410 0182 660F      		lsl r22
 411 0184 771F      		rol r23
 412               		2:
 413 0186 8A95      		dec r24
 414 0188 02F4      		brpl 1b
 415 018a CB01      		movw r24,r22
 416               	.L66:
 102:quantum/keymap_common.c ****             break;
 417               		.loc 1 102 27 view .LVU68
 418 018c 822B      		or r24,r18
 419 018e 932B      		or r25,r19
 420 0190 9C68      		ori r25,140
 421               	.LVL22:
 103:quantum/keymap_common.c ****         case QK_TOGGLE_LAYER ... QK_TOGGLE_LAYER_MAX: ;
 422               		.loc 1 103 13 is_stmt 1 view .LVU69
 423 0192 0895      		ret
 424               	.LVL23:
 425               	.L17:
  52:quantum/keymap_common.c ****         case KC_FN0 ... KC_FN31:
 426               		.loc 1 52 5 is_stmt 0 view .LVU70
 427 0194 8115      		cp r24,__zero_reg__
 428 0196 75E5      		ldi r23,85
 429 0198 9707      		cpc r25,r23
 430 019a 00F4      		brsh .L22
 431 019c 8115      		cp r24,__zero_reg__
 432 019e 24E5      		ldi r18,84
 433 01a0 9207      		cpc r25,r18
 434 01a2 00F4      		brsh .+2
 435 01a4 00C0      		rjmp .L63
 109:quantum/keymap_common.c ****             // OSL(action_layer) - One-shot action_layer
 436               		.loc 1 109 59 is_stmt 1 view .LVU71
 111:quantum/keymap_common.c ****             action.code = ACTION_LAYER_ONESHOT(action_layer);
 437               		.loc 1 111 13 view .LVU72
 438               	.LVL24:
 112:quantum/keymap_common.c ****             break;
 439               		.loc 1 112 13 view .LVU73
 112:quantum/keymap_common.c ****             break;
 440               		.loc 1 112 27 is_stmt 0 view .LVU74
 441 01a6 982F      		mov r25,r24
 442 01a8 8827      		clr r24
 443               	.LVL25:
 112:quantum/keymap_common.c ****             break;
 444               		.loc 1 112 27 view .LVU75
 445 01aa 846F      		ori r24,244
 446 01ac 906A      		ori r25,160
 447               	.LVL26:
 113:quantum/keymap_common.c ****         case QK_ONE_SHOT_MOD ... QK_ONE_SHOT_MOD_MAX: ;
 448               		.loc 1 113 13 is_stmt 1 view .LVU76
 449 01ae 0895      		ret
 450               	.LVL27:
 451               	.L22:
  52:quantum/keymap_common.c ****         case KC_FN0 ... KC_FN31:
 452               		.loc 1 52 5 is_stmt 0 view .LVU77
 453 01b0 8115      		cp r24,__zero_reg__
 454 01b2 46E5      		ldi r20,86
 455 01b4 9407      		cpc r25,r20
 456 01b6 00F4      		brsh .+2
 457 01b8 00C0      		rjmp .L25
 458 01ba 9C01      		movw r18,r24
 459 01bc 3056      		subi r19,96
 120:quantum/keymap_common.c ****             break;
 460               		.loc 1 120 27 view .LVU78
 461 01be 9F70      		andi r25,15
 462               	.LVL28:
  52:quantum/keymap_common.c ****         case KC_FN0 ... KC_FN31:
 463               		.loc 1 52 5 view .LVU79
 464 01c0 2115      		cp r18,__zero_reg__
 465 01c2 3041      		sbci r19,16
 466 01c4 00F0      		brlo .+2
 467 01c6 00C0      		rjmp .L31
 468               	.LVL29:
 469               	.L67:
 120:quantum/keymap_common.c ****             break;
 470               		.loc 1 120 27 view .LVU80
 471 01c8 9062      		ori r25,32
 472               	.LVL30:
 121:quantum/keymap_common.c ****     #ifdef BACKLIGHT_ENABLE
 473               		.loc 1 121 13 is_stmt 1 view .LVU81
 474 01ca 0895      		ret
 475               	.LVL31:
 476               	.L9:
  54:quantum/keymap_common.c ****             break;
 477               		.loc 1 54 13 view .LVU82
  54:quantum/keymap_common.c ****             break;
 478               		.loc 1 54 27 is_stmt 0 view .LVU83
 479 01cc 805C      		subi r24,-64
 480 01ce 9109      		sbc r25,__zero_reg__
 481               	.LVL32:
 482               	.L65:
  80:quantum/keymap_common.c ****             break;
 483               		.loc 1 80 27 view .LVU84
 484 01d0 0E94 0000 		call keymap_function_id_to_action
 485               	.LVL33:
  81:quantum/keymap_common.c ****         case QK_MACRO ... QK_MACRO_MAX:
 486               		.loc 1 81 13 is_stmt 1 view .LVU85
 487 01d4 0895      		ret
 488               	.LVL34:
 489               	.L11:
  61:quantum/keymap_common.c ****             break;
 490               		.loc 1 61 13 view .LVU86
  61:quantum/keymap_common.c ****             break;
 491               		.loc 1 61 27 is_stmt 0 view .LVU87
 492 01d6 853A      		cpi r24,-91
 493 01d8 9105      		cpc r25,__zero_reg__
 494 01da 01F4      		brne .+2
 495 01dc 00C0      		rjmp .L32
  61:quantum/keymap_common.c ****             break;
 496               		.loc 1 61 27 discriminator 1 view .LVU88
 497 01de 863A      		cpi r24,-90
 498 01e0 9105      		cpc r25,__zero_reg__
 499 01e2 01F0      		breq .+2
 500 01e4 00C0      		rjmp .L33
  61:quantum/keymap_common.c ****             break;
 501               		.loc 1 61 27 view .LVU89
 502 01e6 82E8      		ldi r24,lo8(-126)
 503 01e8 90E4      		ldi r25,lo8(64)
 504               	.LVL35:
  61:quantum/keymap_common.c ****             break;
 505               		.loc 1 61 27 view .LVU90
 506 01ea 0895      		ret
 507               	.LVL36:
 508               	.L15:
  67:quantum/keymap_common.c ****             break;
 509               		.loc 1 67 13 is_stmt 1 view .LVU91
  67:quantum/keymap_common.c ****             break;
 510               		.loc 1 67 27 is_stmt 0 view .LVU92
 511 01ec 9065      		ori r25,80
 512               	.LVL37:
  68:quantum/keymap_common.c ****         case KC_TRNS:
 513               		.loc 1 68 13 is_stmt 1 view .LVU93
 514 01ee 0895      		ret
 515               	.LVL38:
 516               	.L61:
  77:quantum/keymap_common.c ****             // Is a shortcut for function action_layer, pull last 12bits
 517               		.loc 1 77 47 view .LVU94
  80:quantum/keymap_common.c ****             break;
 518               		.loc 1 80 13 view .LVU95
  80:quantum/keymap_common.c ****             break;
 519               		.loc 1 80 27 is_stmt 0 view .LVU96
 520 01f0 9F70      		andi r25,15
 521               	.LVL39:
  80:quantum/keymap_common.c ****             break;
 522               		.loc 1 80 27 view .LVU97
 523 01f2 00C0      		rjmp .L65
 524               	.LVL40:
 525               	.L7:
  83:quantum/keymap_common.c ****             break;
 526               		.loc 1 83 13 is_stmt 1 view .LVU98
  83:quantum/keymap_common.c ****             break;
 527               		.loc 1 83 27 is_stmt 0 view .LVU99
 528 01f4 9927      		clr r25
 529               	.LVL41:
  83:quantum/keymap_common.c ****             break;
 530               		.loc 1 83 27 view .LVU100
 531 01f6 906C      		ori r25,192
 532               	.LVL42:
  84:quantum/keymap_common.c ****         case QK_LAYER_TAP ... QK_LAYER_TAP_MAX:
 533               		.loc 1 84 13 is_stmt 1 view .LVU101
 534 01f8 0895      		ret
 535               	.LVL43:
 536               	.L62:
  86:quantum/keymap_common.c ****             break;
 537               		.loc 1 86 13 view .LVU102
  86:quantum/keymap_common.c ****             break;
 538               		.loc 1 86 27 is_stmt 0 view .LVU103
 539 01fa 9F70      		andi r25,15
 540               	.LVL44:
  86:quantum/keymap_common.c ****             break;
 541               		.loc 1 86 27 view .LVU104
 542 01fc 906A      		ori r25,160
 543               	.LVL45:
  87:quantum/keymap_common.c ****         case QK_TO ... QK_TO_MAX: ;
 544               		.loc 1 87 13 is_stmt 1 view .LVU105
 545 01fe 0895      		ret
 546               	.LVL46:
 547               	.L19:
  94:quantum/keymap_common.c ****             // Momentary action_layer
 548               		.loc 1 94 49 view .LVU106
  96:quantum/keymap_common.c ****             action.code = ACTION_LAYER_MOMENTARY(action_layer);
 549               		.loc 1 96 13 view .LVU107
  97:quantum/keymap_common.c ****             break;
 550               		.loc 1 97 13 view .LVU108
  97:quantum/keymap_common.c ****             break;
 551               		.loc 1 97 27 is_stmt 0 view .LVU109
 552 0200 982F      		mov r25,r24
 553 0202 8827      		clr r24
 554               	.LVL47:
  97:quantum/keymap_common.c ****             break;
 555               		.loc 1 97 27 view .LVU110
 556 0204 816F      		ori r24,241
 557 0206 906A      		ori r25,160
 558               	.LVL48:
  98:quantum/keymap_common.c ****         case QK_DEF_LAYER ... QK_DEF_LAYER_MAX: ;
 559               		.loc 1 98 13 is_stmt 1 view .LVU111
 560 0208 0895      		ret
 561               	.LVL49:
 562               	.L18:
  99:quantum/keymap_common.c ****             // Set default action_layer
 563               		.loc 1 99 49 view .LVU112
 101:quantum/keymap_common.c ****             action.code = ACTION_DEFAULT_LAYER_SET(action_layer);
 564               		.loc 1 101 13 view .LVU113
 102:quantum/keymap_common.c ****             break;
 565               		.loc 1 102 13 view .LVU114
 102:quantum/keymap_common.c ****             break;
 566               		.loc 1 102 27 is_stmt 0 view .LVU115
 567 020a AC01      		movw r20,r24
 568 020c 4370      		andi r20,3
 569 020e 5527      		clr r21
 570 0210 21E0      		ldi r18,lo8(1)
 571 0212 30E0      		ldi r19,0
 572 0214 00C0      		rjmp 2f
 573               		1:
 574 0216 220F      		lsl r18
 575 0218 331F      		rol r19
 576               		2:
 577 021a 4A95      		dec r20
 578 021c 02F4      		brpl 1b
 579 021e 8695      		lsr r24
 580 0220 8695      		lsr r24
 581               	.LVL50:
 102:quantum/keymap_common.c ****             break;
 582               		.loc 1 102 27 view .LVU116
 583 0222 70E2      		ldi r23,lo8(32)
 584 0224 879F      		mul r24,r23
 585 0226 C001      		movw r24,r0
 586 0228 1124      		clr __zero_reg__
 587 022a 00C0      		rjmp .L66
 588               	.LVL51:
 589               	.L63:
 104:quantum/keymap_common.c ****             // Set toggle
 590               		.loc 1 104 55 is_stmt 1 view .LVU117
 106:quantum/keymap_common.c ****             action.code = ACTION_LAYER_TOGGLE(action_layer);
 591               		.loc 1 106 13 view .LVU118
 107:quantum/keymap_common.c ****             break;
 592               		.loc 1 107 13 view .LVU119
 107:quantum/keymap_common.c ****             break;
 593               		.loc 1 107 27 is_stmt 0 view .LVU120
 594 022c AC01      		movw r20,r24
 595 022e 4370      		andi r20,3
 596 0230 5527      		clr r21
 597 0232 21E0      		ldi r18,lo8(1)
 598 0234 30E0      		ldi r19,0
 599 0236 00C0      		rjmp 2f
 600               		1:
 601 0238 220F      		lsl r18
 602 023a 331F      		rol r19
 603               		2:
 604 023c 4A95      		dec r20
 605 023e 02F4      		brpl 1b
 606 0240 8695      		lsr r24
 607 0242 8695      		lsr r24
 608               	.LVL52:
 107:quantum/keymap_common.c ****             break;
 609               		.loc 1 107 27 view .LVU121
 610 0244 40E2      		ldi r20,lo8(32)
 611 0246 849F      		mul r24,r20
 612 0248 C001      		movw r24,r0
 613 024a 1124      		clr __zero_reg__
 614 024c 822B      		or r24,r18
 615 024e 932B      		or r25,r19
 616 0250 9A68      		ori r25,138
 617               	.LVL53:
 108:quantum/keymap_common.c ****         case QK_ONE_SHOT_LAYER ... QK_ONE_SHOT_LAYER_MAX: ;
 618               		.loc 1 108 13 is_stmt 1 view .LVU122
 619 0252 0895      		ret
 620               	.LVL54:
 621               	.L25:
 114:quantum/keymap_common.c ****             // OSM(mod) - One-shot mod
 622               		.loc 1 114 55 view .LVU123
 116:quantum/keymap_common.c ****             action.code = ACTION_MODS_ONESHOT(mod);
 623               		.loc 1 116 13 view .LVU124
 117:quantum/keymap_common.c ****             break;
 624               		.loc 1 117 13 view .LVU125
 117:quantum/keymap_common.c ****             break;
 625               		.loc 1 117 27 is_stmt 0 view .LVU126
 626 0254 982F      		mov r25,r24
 627 0256 8827      		clr r24
 628               	.LVL55:
 117:quantum/keymap_common.c ****             break;
 629               		.loc 1 117 27 view .LVU127
 630 0258 8827      		clr r24
 631 025a 9F71      		andi r25,31
 632 025c 00C0      		rjmp .L67
 633               	.LVL56:
 634               	.L32:
  61:quantum/keymap_common.c ****             break;
 635               		.loc 1 61 27 view .LVU128
 636 025e 81E8      		ldi r24,lo8(-127)
 637 0260 90E4      		ldi r25,lo8(64)
 638               	.LVL57:
  61:quantum/keymap_common.c ****             break;
 639               		.loc 1 61 27 view .LVU129
 640 0262 0895      		ret
 641               	.LVL58:
 642               	.L33:
  61:quantum/keymap_common.c ****             break;
 643               		.loc 1 61 27 view .LVU130
 644 0264 83E8      		ldi r24,lo8(-125)
 645 0266 90E4      		ldi r25,lo8(64)
 646               	.LVL59:
  61:quantum/keymap_common.c ****             break;
 647               		.loc 1 61 27 view .LVU131
 648 0268 0895      		ret
 649               	.LVL60:
 650               	.L34:
  64:quantum/keymap_common.c ****             break;
 651               		.loc 1 64 27 view .LVU132
 652 026a 82EE      		ldi r24,lo8(-30)
 653 026c 94E4      		ldi r25,lo8(68)
 654               	.LVL61:
  64:quantum/keymap_common.c ****             break;
 655               		.loc 1 64 27 view .LVU133
 656 026e 0895      		ret
 657               	.LVL62:
 658               	.L35:
  64:quantum/keymap_common.c ****             break;
 659               		.loc 1 64 27 view .LVU134
 660 0270 89EE      		ldi r24,lo8(-23)
 661 0272 94E4      		ldi r25,lo8(68)
 662               	.LVL63:
  64:quantum/keymap_common.c ****             break;
 663               		.loc 1 64 27 view .LVU135
 664 0274 0895      		ret
 665               	.LVL64:
 666               	.L36:
  64:quantum/keymap_common.c ****             break;
 667               		.loc 1 64 27 view .LVU136
 668 0276 8AEE      		ldi r24,lo8(-22)
 669 0278 94E4      		ldi r25,lo8(68)
 670               	.LVL65:
  64:quantum/keymap_common.c ****             break;
 671               		.loc 1 64 27 view .LVU137
 672 027a 0895      		ret
 673               	.LVL66:
 674               	.L37:
  64:quantum/keymap_common.c ****             break;
 675               		.loc 1 64 27 view .LVU138
 676 027c 85EB      		ldi r24,lo8(-75)
 677 027e 94E4      		ldi r25,lo8(68)
 678               	.LVL67:
  64:quantum/keymap_common.c ****             break;
 679               		.loc 1 64 27 view .LVU139
 680 0280 0895      		ret
 681               	.LVL68:
 682               	.L38:
  64:quantum/keymap_common.c ****             break;
 683               		.loc 1 64 27 view .LVU140
 684 0282 86EB      		ldi r24,lo8(-74)
 685 0284 94E4      		ldi r25,lo8(68)
 686               	.LVL69:
  64:quantum/keymap_common.c ****             break;
 687               		.loc 1 64 27 view .LVU141
 688 0286 0895      		ret
 689               	.LVL70:
 690               	.L39:
  64:quantum/keymap_common.c ****             break;
 691               		.loc 1 64 27 view .LVU142
 692 0288 83EB      		ldi r24,lo8(-77)
 693 028a 94E4      		ldi r25,lo8(68)
 694               	.LVL71:
  64:quantum/keymap_common.c ****             break;
 695               		.loc 1 64 27 view .LVU143
 696 028c 0895      		ret
 697               	.LVL72:
 698               	.L40:
  64:quantum/keymap_common.c ****             break;
 699               		.loc 1 64 27 view .LVU144
 700 028e 84EB      		ldi r24,lo8(-76)
 701 0290 94E4      		ldi r25,lo8(68)
 702               	.LVL73:
  64:quantum/keymap_common.c ****             break;
 703               		.loc 1 64 27 view .LVU145
 704 0292 0895      		ret
 705               	.LVL74:
 706               	.L41:
  64:quantum/keymap_common.c ****             break;
 707               		.loc 1 64 27 view .LVU146
 708 0294 87EB      		ldi r24,lo8(-73)
 709 0296 94E4      		ldi r25,lo8(68)
 710               	.LVL75:
  64:quantum/keymap_common.c ****             break;
 711               		.loc 1 64 27 view .LVU147
 712 0298 0895      		ret
 713               	.LVL76:
 714               	.L42:
  64:quantum/keymap_common.c ****             break;
 715               		.loc 1 64 27 view .LVU148
 716 029a 8CEC      		ldi r24,lo8(-52)
 717 029c 94E4      		ldi r25,lo8(68)
 718               	.LVL77:
  64:quantum/keymap_common.c ****             break;
 719               		.loc 1 64 27 view .LVU149
 720 029e 0895      		ret
 721               	.LVL78:
 722               	.L43:
  64:quantum/keymap_common.c ****             break;
 723               		.loc 1 64 27 view .LVU150
 724 02a0 8DEC      		ldi r24,lo8(-51)
 725 02a2 94E4      		ldi r25,lo8(68)
 726               	.LVL79:
  64:quantum/keymap_common.c ****             break;
 727               		.loc 1 64 27 view .LVU151
 728 02a4 0895      		ret
 729               	.LVL80:
 730               	.L44:
  64:quantum/keymap_common.c ****             break;
 731               		.loc 1 64 27 view .LVU152
 732 02a6 83E8      		ldi r24,lo8(-125)
 733 02a8 95E4      		ldi r25,lo8(69)
 734               	.LVL81:
  64:quantum/keymap_common.c ****             break;
 735               		.loc 1 64 27 view .LVU153
 736 02aa 0895      		ret
 737               	.LVL82:
 738               	.L45:
  64:quantum/keymap_common.c ****             break;
 739               		.loc 1 64 27 view .LVU154
 740 02ac 8AE8      		ldi r24,lo8(-118)
 741 02ae 95E4      		ldi r25,lo8(69)
 742               	.LVL83:
  64:quantum/keymap_common.c ****             break;
 743               		.loc 1 64 27 view .LVU155
 744 02b0 0895      		ret
 745               	.LVL84:
 746               	.L46:
  64:quantum/keymap_common.c ****             break;
 747               		.loc 1 64 27 view .LVU156
 748 02b2 82E9      		ldi r24,lo8(-110)
 749 02b4 95E4      		ldi r25,lo8(69)
 750               	.LVL85:
  64:quantum/keymap_common.c ****             break;
 751               		.loc 1 64 27 view .LVU157
 752 02b6 0895      		ret
 753               	.LVL86:
 754               	.L47:
  64:quantum/keymap_common.c ****             break;
 755               		.loc 1 64 27 view .LVU158
 756 02b8 84E9      		ldi r24,lo8(-108)
 757 02ba 95E4      		ldi r25,lo8(69)
 758               	.LVL87:
  64:quantum/keymap_common.c ****             break;
 759               		.loc 1 64 27 view .LVU159
 760 02bc 0895      		ret
 761               	.LVL88:
 762               	.L48:
  64:quantum/keymap_common.c ****             break;
 763               		.loc 1 64 27 view .LVU160
 764 02be 81E2      		ldi r24,lo8(33)
 765 02c0 96E4      		ldi r25,lo8(70)
 766               	.LVL89:
  64:quantum/keymap_common.c ****             break;
 767               		.loc 1 64 27 view .LVU161
 768 02c2 0895      		ret
 769               	.LVL90:
 770               	.L49:
  64:quantum/keymap_common.c ****             break;
 771               		.loc 1 64 27 view .LVU162
 772 02c4 83E2      		ldi r24,lo8(35)
 773 02c6 96E4      		ldi r25,lo8(70)
 774               	.LVL91:
  64:quantum/keymap_common.c ****             break;
 775               		.loc 1 64 27 view .LVU163
 776 02c8 0895      		ret
 777               	.LVL92:
 778               	.L50:
  64:quantum/keymap_common.c ****             break;
 779               		.loc 1 64 27 view .LVU164
 780 02ca 84E2      		ldi r24,lo8(36)
 781 02cc 96E4      		ldi r25,lo8(70)
 782               	.LVL93:
  64:quantum/keymap_common.c ****             break;
 783               		.loc 1 64 27 view .LVU165
 784 02ce 0895      		ret
 785               	.LVL94:
 786               	.L51:
  64:quantum/keymap_common.c ****             break;
 787               		.loc 1 64 27 view .LVU166
 788 02d0 85E2      		ldi r24,lo8(37)
 789 02d2 96E4      		ldi r25,lo8(70)
 790               	.LVL95:
  64:quantum/keymap_common.c ****             break;
 791               		.loc 1 64 27 view .LVU167
 792 02d4 0895      		ret
 793               	.LVL96:
 794               	.L52:
  64:quantum/keymap_common.c ****             break;
 795               		.loc 1 64 27 view .LVU168
 796 02d6 86E2      		ldi r24,lo8(38)
 797 02d8 96E4      		ldi r25,lo8(70)
 798               	.LVL97:
  64:quantum/keymap_common.c ****             break;
 799               		.loc 1 64 27 view .LVU169
 800 02da 0895      		ret
 801               	.LVL98:
 802               	.L53:
  64:quantum/keymap_common.c ****             break;
 803               		.loc 1 64 27 view .LVU170
 804 02dc 87E2      		ldi r24,lo8(39)
 805 02de 96E4      		ldi r25,lo8(70)
 806               	.LVL99:
  64:quantum/keymap_common.c ****             break;
 807               		.loc 1 64 27 view .LVU171
 808 02e0 0895      		ret
 809               	.LVL100:
 810               	.L54:
  64:quantum/keymap_common.c ****             break;
 811               		.loc 1 64 27 view .LVU172
 812 02e2 8AE2      		ldi r24,lo8(42)
 813 02e4 96E4      		ldi r25,lo8(70)
 814               	.LVL101:
  64:quantum/keymap_common.c ****             break;
 815               		.loc 1 64 27 view .LVU173
 816 02e6 00C0      		rjmp .L12
 817               		.cfi_endproc
 818               	.LFE107:
 820               		.weak	fn_actions
 821               		.section	.progmem.data.fn_actions,"a"
 824               	fn_actions:
 825               		.text
 826               	.Letext0:
 827               		.file 2 "c:\\msys64\\home\\pc-office\\qmk_utils\\avr8-gnu-toolchain\\avr\\include\\stdint.h"
 828               		.file 3 "./tmk_core/common/keyboard.h"
 829               		.file 4 "./tmk_core/common/keycode.h"
 830               		.file 5 "./tmk_core/common/action_code.h"
 831               		.file 6 "c:\\msys64\\home\\pc-office\\qmk_utils\\avr8-gnu-toolchain\\lib\\gcc\\avr\\8.3.0\\include
 832               		.file 7 "./tmk_core/common/action_macro.h"
 833               		.file 8 "./tmk_core/common/action.h"
 834               		.file 9 "./tmk_core/protocol/lufa/LUFA-git/LUFA/Drivers/USB/Core/AVR8/../StdRequestType.h"
 835               		.file 10 "./tmk_core/protocol/lufa/LUFA-git/LUFA/Drivers/USB/Core/AVR8/../DeviceStandardReq.h"
 836               		.file 11 "./tmk_core/protocol/lufa/LUFA-git/LUFA/Drivers/USB/Core/USBTask.h"
 837               		.file 12 "./tmk_core/protocol/lufa/LUFA-git/LUFA/Drivers/USB/Core/HostStandardReq.h"
 838               		.file 13 "c:\\msys64\\home\\pc-office\\qmk_utils\\avr8-gnu-toolchain\\avr\\include\\stdio.h"
 839               		.file 14 "./tmk_core/common/report.h"
 840               		.file 15 "./tmk_core/common/host.h"
 841               		.file 16 "./tmk_core/common/debug.h"
 842               		.file 17 "quantum/keycode_config.h"
 843               		.file 18 "quantum/quantum_keycodes.h"
 844               		.file 19 "quantum/keymap.h"
 845               		.file 20 "./tmk_core/common/action_layer.h"
 846               		.file 21 "./tmk_core/common/timer.h"
 847               		.file 22 "./tmk_core/common/action_util.h"
 848               		.file 23 "c:\\msys64\\home\\pc-office\\qmk_utils\\avr8-gnu-toolchain\\avr\\include\\stdlib.h"
DEFINED SYMBOLS
                            *ABS*:00000000 keymap_common.c
C:\msys64\tmp\ccilPMcE.s:2      *ABS*:0000003e __SP_H__
C:\msys64\tmp\ccilPMcE.s:3      *ABS*:0000003d __SP_L__
C:\msys64\tmp\ccilPMcE.s:4      *ABS*:0000003f __SREG__
C:\msys64\tmp\ccilPMcE.s:5      *ABS*:00000000 __tmp_reg__
C:\msys64\tmp\ccilPMcE.s:6      *ABS*:00000001 __zero_reg__
C:\msys64\tmp\ccilPMcE.s:13     .text.action_get_macro:00000000 action_get_macro
C:\msys64\tmp\ccilPMcE.s:37     .text.action_function:00000000 action_function
C:\msys64\tmp\ccilPMcE.s:55     .text.keymap_key_to_keycode:00000000 keymap_key_to_keycode
C:\msys64\tmp\ccilPMcE.s:105    .text.keymap_function_id_to_action:00000000 keymap_function_id_to_action
C:\msys64\tmp\ccilPMcE.s:824    .progmem.data.fn_actions:00000000 fn_actions
C:\msys64\tmp\ccilPMcE.s:146    .text.action_for_key:00000000 action_for_key

UNDEFINED SYMBOLS
keymaps
keycode_config
