   1               		.file	"keymap.c"
   2               	__SP_H__ = 0x3e
   3               	__SP_L__ = 0x3d
   4               	__SREG__ = 0x3f
   5               	__tmp_reg__ = 0
   6               	__zero_reg__ = 1
   7               		.text
   8               	.Ltext0:
   9               		.cfi_sections	.debug_frame
  10               		.section	.text.action_get_macro,"ax",@progbits
  11               	.global	action_get_macro
  13               	action_get_macro:
  14               	.LVL0:
  15               	.LFB107:
  16               		.file 1 "keyboards/kb/keymaps/default/keymap.c"
   1:keyboards/kb/keymaps/default/keymap.c **** #include "kb.h"
   2:keyboards/kb/keymaps/default/keymap.c **** 
   3:keyboards/kb/keymaps/default/keymap.c **** const uint16_t PROGMEM keymaps[][MATRIX_ROWS][MATRIX_COLS] = {
   4:keyboards/kb/keymaps/default/keymap.c **** 
   5:keyboards/kb/keymaps/default/keymap.c **** 	KEYMAP(
   6:keyboards/kb/keymaps/default/keymap.c **** 		KC_NLCK, KC_CAPS, 
   7:keyboards/kb/keymaps/default/keymap.c **** 		KC_MPLY, KC_MSTP),
   8:keyboards/kb/keymaps/default/keymap.c **** 
   9:keyboards/kb/keymaps/default/keymap.c **** 	KEYMAP(
  10:keyboards/kb/keymaps/default/keymap.c **** 		KC_TRNS, KC_TRNS, 
  11:keyboards/kb/keymaps/default/keymap.c **** 		KC_TRNS, KC_TRNS),
  12:keyboards/kb/keymaps/default/keymap.c **** 
  13:keyboards/kb/keymaps/default/keymap.c **** 	KEYMAP(
  14:keyboards/kb/keymaps/default/keymap.c **** 		KC_TRNS, KC_TRNS, 
  15:keyboards/kb/keymaps/default/keymap.c **** 		KC_TRNS, KC_TRNS),
  16:keyboards/kb/keymaps/default/keymap.c **** 
  17:keyboards/kb/keymaps/default/keymap.c **** 	KEYMAP(
  18:keyboards/kb/keymaps/default/keymap.c **** 		KC_TRNS, KC_TRNS, 
  19:keyboards/kb/keymaps/default/keymap.c **** 		KC_TRNS, KC_TRNS),
  20:keyboards/kb/keymaps/default/keymap.c **** 
  21:keyboards/kb/keymaps/default/keymap.c **** 	KEYMAP(
  22:keyboards/kb/keymaps/default/keymap.c **** 		KC_TRNS, KC_TRNS, 
  23:keyboards/kb/keymaps/default/keymap.c **** 		KC_TRNS, KC_TRNS),
  24:keyboards/kb/keymaps/default/keymap.c **** 
  25:keyboards/kb/keymaps/default/keymap.c **** 	KEYMAP(
  26:keyboards/kb/keymaps/default/keymap.c **** 		KC_TRNS, KC_TRNS, 
  27:keyboards/kb/keymaps/default/keymap.c **** 		KC_TRNS, KC_TRNS),
  28:keyboards/kb/keymaps/default/keymap.c **** 
  29:keyboards/kb/keymaps/default/keymap.c **** 	KEYMAP(
  30:keyboards/kb/keymaps/default/keymap.c **** 		KC_TRNS, KC_TRNS, 
  31:keyboards/kb/keymaps/default/keymap.c **** 		KC_TRNS, KC_TRNS),
  32:keyboards/kb/keymaps/default/keymap.c **** 
  33:keyboards/kb/keymaps/default/keymap.c **** 	KEYMAP(
  34:keyboards/kb/keymaps/default/keymap.c **** 		KC_TRNS, KC_TRNS, 
  35:keyboards/kb/keymaps/default/keymap.c **** 		KC_TRNS, KC_TRNS),
  36:keyboards/kb/keymaps/default/keymap.c **** 
  37:keyboards/kb/keymaps/default/keymap.c **** 	KEYMAP(
  38:keyboards/kb/keymaps/default/keymap.c **** 		KC_TRNS, KC_TRNS, 
  39:keyboards/kb/keymaps/default/keymap.c **** 		KC_TRNS, KC_TRNS),
  40:keyboards/kb/keymaps/default/keymap.c **** 
  41:keyboards/kb/keymaps/default/keymap.c **** 	KEYMAP(
  42:keyboards/kb/keymaps/default/keymap.c **** 		KC_TRNS, KC_TRNS, 
  43:keyboards/kb/keymaps/default/keymap.c **** 		KC_TRNS, KC_TRNS),
  44:keyboards/kb/keymaps/default/keymap.c **** 
  45:keyboards/kb/keymaps/default/keymap.c **** 	KEYMAP(
  46:keyboards/kb/keymaps/default/keymap.c **** 		KC_TRNS, KC_TRNS, 
  47:keyboards/kb/keymaps/default/keymap.c **** 		KC_TRNS, KC_TRNS),
  48:keyboards/kb/keymaps/default/keymap.c **** 
  49:keyboards/kb/keymaps/default/keymap.c **** 	KEYMAP(
  50:keyboards/kb/keymaps/default/keymap.c **** 		KC_TRNS, KC_TRNS, 
  51:keyboards/kb/keymaps/default/keymap.c **** 		KC_TRNS, KC_TRNS),
  52:keyboards/kb/keymaps/default/keymap.c **** 
  53:keyboards/kb/keymaps/default/keymap.c **** 	KEYMAP(
  54:keyboards/kb/keymaps/default/keymap.c **** 		KC_TRNS, KC_TRNS, 
  55:keyboards/kb/keymaps/default/keymap.c **** 		KC_TRNS, KC_TRNS),
  56:keyboards/kb/keymaps/default/keymap.c **** 
  57:keyboards/kb/keymaps/default/keymap.c **** 	KEYMAP(
  58:keyboards/kb/keymaps/default/keymap.c **** 		KC_TRNS, KC_TRNS, 
  59:keyboards/kb/keymaps/default/keymap.c **** 		KC_TRNS, KC_TRNS),
  60:keyboards/kb/keymaps/default/keymap.c **** 
  61:keyboards/kb/keymaps/default/keymap.c **** 	KEYMAP(
  62:keyboards/kb/keymaps/default/keymap.c **** 		KC_TRNS, KC_TRNS, 
  63:keyboards/kb/keymaps/default/keymap.c **** 		KC_TRNS, KC_TRNS),
  64:keyboards/kb/keymaps/default/keymap.c **** 
  65:keyboards/kb/keymaps/default/keymap.c **** 	KEYMAP(
  66:keyboards/kb/keymaps/default/keymap.c **** 		KC_TRNS, KC_TRNS, 
  67:keyboards/kb/keymaps/default/keymap.c **** 		KC_TRNS, KC_TRNS)
  68:keyboards/kb/keymaps/default/keymap.c **** 
  69:keyboards/kb/keymaps/default/keymap.c **** };
  70:keyboards/kb/keymaps/default/keymap.c **** 
  71:keyboards/kb/keymaps/default/keymap.c **** const macro_t *action_get_macro(keyrecord_t *record, uint8_t id, uint8_t opt) {
  17               		.loc 1 71 79 view -0
  18               		.cfi_startproc
  19               	/* prologue: function */
  20               	/* frame size = 0 */
  21               	/* stack size = 0 */
  22               	.L__stack_usage = 0
  72:keyboards/kb/keymaps/default/keymap.c **** 	keyevent_t event = record->event;
  23               		.loc 1 72 2 view .LVU1
  73:keyboards/kb/keymaps/default/keymap.c **** 
  74:keyboards/kb/keymaps/default/keymap.c **** 	switch (id) {
  24               		.loc 1 74 2 view .LVU2
  75:keyboards/kb/keymaps/default/keymap.c **** 
  76:keyboards/kb/keymaps/default/keymap.c **** 	}
  25               		.loc 1 76 2 view .LVU3
  77:keyboards/kb/keymaps/default/keymap.c **** 	return MACRO_NONE;
  26               		.loc 1 77 2 view .LVU4
  78:keyboards/kb/keymaps/default/keymap.c **** }
  27               		.loc 1 78 1 is_stmt 0 view .LVU5
  28 0000 90E0      		ldi r25,0
  29 0002 80E0      		ldi r24,0
  30               	.LVL1:
  31               	/* epilogue start */
  32               		.loc 1 78 1 view .LVU6
  33 0004 0895      		ret
  34               		.cfi_endproc
  35               	.LFE107:
  37               		.section	.text.matrix_init_user,"ax",@progbits
  38               	.global	matrix_init_user
  40               	matrix_init_user:
  41               	.LFB108:
  79:keyboards/kb/keymaps/default/keymap.c **** 
  80:keyboards/kb/keymaps/default/keymap.c **** void matrix_init_user(void) 
  81:keyboards/kb/keymaps/default/keymap.c **** {
  42               		.loc 1 81 1 is_stmt 1 view -0
  43               		.cfi_startproc
  44               	/* prologue: function */
  45               	/* frame size = 0 */
  46               	/* stack size = 0 */
  47               	.L__stack_usage = 0
  82:keyboards/kb/keymaps/default/keymap.c **** }
  48               		.loc 1 82 1 view .LVU8
  49               	/* epilogue start */
  50 0000 0895      		ret
  51               		.cfi_endproc
  52               	.LFE108:
  54               		.section	.text.matrix_scan_user,"ax",@progbits
  55               	.global	matrix_scan_user
  57               	matrix_scan_user:
  58               	.LFB113:
  59               		.cfi_startproc
  60               	/* prologue: function */
  61               	/* frame size = 0 */
  62               	/* stack size = 0 */
  63               	.L__stack_usage = 0
  64               	/* epilogue start */
  65 0000 0895      		ret
  66               		.cfi_endproc
  67               	.LFE113:
  69               		.section	.text.process_record_user,"ax",@progbits
  70               	.global	process_record_user
  72               	process_record_user:
  73               	.LVL2:
  74               	.LFB110:
  83:keyboards/kb/keymaps/default/keymap.c **** 
  84:keyboards/kb/keymaps/default/keymap.c **** void matrix_scan_user(void) 
  85:keyboards/kb/keymaps/default/keymap.c **** {
  86:keyboards/kb/keymaps/default/keymap.c **** }
  87:keyboards/kb/keymaps/default/keymap.c **** 
  88:keyboards/kb/keymaps/default/keymap.c **** bool process_record_user(uint16_t keycode, keyrecord_t* record) {
  75               		.loc 1 88 65 view -0
  76               		.cfi_startproc
  77               	/* prologue: function */
  78               	/* frame size = 0 */
  79               	/* stack size = 0 */
  80               	.L__stack_usage = 0
  89:keyboards/kb/keymaps/default/keymap.c **** 	// If console is enabled, it will print the matrix position and status of each key pressed
  90:keyboards/kb/keymaps/default/keymap.c **** #ifdef CONSOLE_ENABLE
  91:keyboards/kb/keymaps/default/keymap.c **** 	uprintf("KL: kc: %u, col: %u, row: %u, pressed: %u\n", keycode, record->event.key.col, record->eve
  92:keyboards/kb/keymaps/default/keymap.c **** #endif 
  93:keyboards/kb/keymaps/default/keymap.c **** 	return true;
  81               		.loc 1 93 2 view .LVU10
  94:keyboards/kb/keymaps/default/keymap.c **** }
  82               		.loc 1 94 1 is_stmt 0 view .LVU11
  83 0000 81E0      		ldi r24,lo8(1)
  84               	.LVL3:
  85               	/* epilogue start */
  86               		.loc 1 94 1 view .LVU12
  87 0002 0895      		ret
  88               		.cfi_endproc
  89               	.LFE110:
  91               		.section	.text.led_set_user,"ax",@progbits
  92               	.global	led_set_user
  94               	led_set_user:
  95               	.LVL4:
  96               	.LFB111:
  95:keyboards/kb/keymaps/default/keymap.c **** 
  96:keyboards/kb/keymaps/default/keymap.c **** void led_set_user(uint8_t usb_led) {
  97               		.loc 1 96 36 is_stmt 1 view -0
  98               		.cfi_startproc
  99               	/* prologue: function */
 100               	/* frame size = 0 */
 101               	/* stack size = 0 */
 102               	.L__stack_usage = 0
  97:keyboards/kb/keymaps/default/keymap.c **** 
  98:keyboards/kb/keymaps/default/keymap.c **** 	if (usb_led & (1 << USB_LED_NUM_LOCK)) {
 103               		.loc 1 98 2 view .LVU14
  99:keyboards/kb/keymaps/default/keymap.c **** 		
 100:keyboards/kb/keymaps/default/keymap.c **** 	} else {
 101:keyboards/kb/keymaps/default/keymap.c **** 		
 102:keyboards/kb/keymaps/default/keymap.c **** 	}
 104               		.loc 1 102 2 view .LVU15
 103:keyboards/kb/keymaps/default/keymap.c **** 
 104:keyboards/kb/keymaps/default/keymap.c **** 	if (usb_led & (1 << USB_LED_CAPS_LOCK)) {
 105               		.loc 1 104 2 view .LVU16
 105:keyboards/kb/keymaps/default/keymap.c **** 		
 106:keyboards/kb/keymaps/default/keymap.c **** 	} else {
 107:keyboards/kb/keymaps/default/keymap.c **** 		
 108:keyboards/kb/keymaps/default/keymap.c **** 	}
 106               		.loc 1 108 2 view .LVU17
 109:keyboards/kb/keymaps/default/keymap.c **** 
 110:keyboards/kb/keymaps/default/keymap.c **** 	if (usb_led & (1 << USB_LED_SCROLL_LOCK)) {
 107               		.loc 1 110 2 view .LVU18
 111:keyboards/kb/keymaps/default/keymap.c **** 		
 112:keyboards/kb/keymaps/default/keymap.c **** 	} else {
 113:keyboards/kb/keymaps/default/keymap.c **** 		
 114:keyboards/kb/keymaps/default/keymap.c **** 	}
 108               		.loc 1 114 2 view .LVU19
 115:keyboards/kb/keymaps/default/keymap.c **** 
 116:keyboards/kb/keymaps/default/keymap.c **** 	if (usb_led & (1 << USB_LED_COMPOSE)) {
 109               		.loc 1 116 2 view .LVU20
 117:keyboards/kb/keymaps/default/keymap.c **** 		
 118:keyboards/kb/keymaps/default/keymap.c **** 	} else {
 119:keyboards/kb/keymaps/default/keymap.c **** 		
 120:keyboards/kb/keymaps/default/keymap.c **** 	}
 110               		.loc 1 120 2 view .LVU21
 121:keyboards/kb/keymaps/default/keymap.c **** 
 122:keyboards/kb/keymaps/default/keymap.c **** 	if (usb_led & (1 << USB_LED_KANA)) {
 111               		.loc 1 122 2 view .LVU22
 123:keyboards/kb/keymaps/default/keymap.c **** 		
 124:keyboards/kb/keymaps/default/keymap.c **** 	} else {
 125:keyboards/kb/keymaps/default/keymap.c **** 		
 126:keyboards/kb/keymaps/default/keymap.c **** 	}
 112               		.loc 1 126 2 view .LVU23
 113               	/* epilogue start */
 127:keyboards/kb/keymaps/default/keymap.c **** 
 128:keyboards/kb/keymaps/default/keymap.c **** }...
 114               		.loc 1 128 1 is_stmt 0 view .LVU24
 115 0000 0895      		ret
 116               		.cfi_endproc
 117               	.LFE111:
 119               	.global	keymaps
 120               		.section	.progmem.data.keymaps,"a"
 123               	keymaps:
 124 0000 5300      		.word	83
 125 0002 3900      		.word	57
 126 0004 AE00      		.word	174
 127 0006 AD00      		.word	173
 128 0008 0100      		.word	1
 129 000a 0100      		.word	1
 130 000c 0100      		.word	1
 131 000e 0100      		.word	1
 132 0010 0100      		.word	1
 133 0012 0100      		.word	1
 134 0014 0100      		.word	1
 135 0016 0100      		.word	1
 136 0018 0100      		.word	1
 137 001a 0100      		.word	1
 138 001c 0100      		.word	1
 139 001e 0100      		.word	1
 140 0020 0100      		.word	1
 141 0022 0100      		.word	1
 142 0024 0100      		.word	1
 143 0026 0100      		.word	1
 144 0028 0100      		.word	1
 145 002a 0100      		.word	1
 146 002c 0100      		.word	1
 147 002e 0100      		.word	1
 148 0030 0100      		.word	1
 149 0032 0100      		.word	1
 150 0034 0100      		.word	1
 151 0036 0100      		.word	1
 152 0038 0100      		.word	1
 153 003a 0100      		.word	1
 154 003c 0100      		.word	1
 155 003e 0100      		.word	1
 156 0040 0100      		.word	1
 157 0042 0100      		.word	1
 158 0044 0100      		.word	1
 159 0046 0100      		.word	1
 160 0048 0100      		.word	1
 161 004a 0100      		.word	1
 162 004c 0100      		.word	1
 163 004e 0100      		.word	1
 164 0050 0100      		.word	1
 165 0052 0100      		.word	1
 166 0054 0100      		.word	1
 167 0056 0100      		.word	1
 168 0058 0100      		.word	1
 169 005a 0100      		.word	1
 170 005c 0100      		.word	1
 171 005e 0100      		.word	1
 172 0060 0100      		.word	1
 173 0062 0100      		.word	1
 174 0064 0100      		.word	1
 175 0066 0100      		.word	1
 176 0068 0100      		.word	1
 177 006a 0100      		.word	1
 178 006c 0100      		.word	1
 179 006e 0100      		.word	1
 180 0070 0100      		.word	1
 181 0072 0100      		.word	1
 182 0074 0100      		.word	1
 183 0076 0100      		.word	1
 184 0078 0100      		.word	1
 185 007a 0100      		.word	1
 186 007c 0100      		.word	1
 187 007e 0100      		.word	1
 188               		.text
 189               	.Letext0:
 190               		.file 2 "c:\\msys64\\home\\pc-office\\qmk_utils\\avr8-gnu-toolchain\\avr\\include\\stdint.h"
 191               		.file 3 "c:\\msys64\\home\\pc-office\\qmk_utils\\avr8-gnu-toolchain\\lib\\gcc\\avr\\8.3.0\\include
 192               		.file 4 "./tmk_core/common/keyboard.h"
 193               		.file 5 "./tmk_core/common/keycode.h"
 194               		.file 6 "./tmk_core/common/action_macro.h"
 195               		.file 7 "./tmk_core/common/action.h"
 196               		.file 8 "./tmk_core/protocol/lufa/LUFA-git/LUFA/Drivers/USB/Core/AVR8/../StdRequestType.h"
 197               		.file 9 "./tmk_core/protocol/lufa/LUFA-git/LUFA/Drivers/USB/Core/AVR8/../DeviceStandardReq.h"
 198               		.file 10 "./tmk_core/protocol/lufa/LUFA-git/LUFA/Drivers/USB/Core/USBTask.h"
 199               		.file 11 "./tmk_core/protocol/lufa/LUFA-git/LUFA/Drivers/USB/Core/HostStandardReq.h"
 200               		.file 12 "c:\\msys64\\home\\pc-office\\qmk_utils\\avr8-gnu-toolchain\\avr\\include\\stdio.h"
 201               		.file 13 "./tmk_core/common/report.h"
 202               		.file 14 "./tmk_core/common/host.h"
 203               		.file 15 "./tmk_core/common/debug.h"
 204               		.file 16 "./quantum/keycode_config.h"
 205               		.file 17 "./quantum/keymap.h"
 206               		.file 18 "./tmk_core/common/action_layer.h"
 207               		.file 19 "./tmk_core/common/timer.h"
 208               		.file 20 "./tmk_core/common/action_util.h"
 209               		.file 21 "c:\\msys64\\home\\pc-office\\qmk_utils\\avr8-gnu-toolchain\\avr\\include\\stdlib.h"
DEFINED SYMBOLS
                            *ABS*:00000000 keymap.c
C:\msys64\tmp\ccG3Mf9u.s:2      *ABS*:0000003e __SP_H__
C:\msys64\tmp\ccG3Mf9u.s:3      *ABS*:0000003d __SP_L__
C:\msys64\tmp\ccG3Mf9u.s:4      *ABS*:0000003f __SREG__
C:\msys64\tmp\ccG3Mf9u.s:5      *ABS*:00000000 __tmp_reg__
C:\msys64\tmp\ccG3Mf9u.s:6      *ABS*:00000001 __zero_reg__
C:\msys64\tmp\ccG3Mf9u.s:13     .text.action_get_macro:00000000 action_get_macro
C:\msys64\tmp\ccG3Mf9u.s:40     .text.matrix_init_user:00000000 matrix_init_user
C:\msys64\tmp\ccG3Mf9u.s:57     .text.matrix_scan_user:00000000 matrix_scan_user
C:\msys64\tmp\ccG3Mf9u.s:72     .text.process_record_user:00000000 process_record_user
C:\msys64\tmp\ccG3Mf9u.s:94     .text.led_set_user:00000000 led_set_user
C:\msys64\tmp\ccG3Mf9u.s:123    .progmem.data.keymaps:00000000 keymaps

NO UNDEFINED SYMBOLS
