Archive member included to satisfy reference by file (symbol)

c:/msys64/home/pc-office/qmk_utils/avr8-gnu-toolchain/bin/../lib/gcc/avr/8.3.0/../../../../avr/lib/avr5\libm.a(fixsfsi.o)
                              .build/obj_kb_default/common/mousekey.o (__fixsfsi)
c:/msys64/home/pc-office/qmk_utils/avr8-gnu-toolchain/bin/../lib/gcc/avr/8.3.0/../../../../avr/lib/avr5\libm.a(fixunssfsi.o)
                              c:/msys64/home/pc-office/qmk_utils/avr8-gnu-toolchain/bin/../lib/gcc/avr/8.3.0/../../../../avr/lib/avr5\libm.a(fixsfsi.o) (__fixunssfsi)
c:/msys64/home/pc-office/qmk_utils/avr8-gnu-toolchain/bin/../lib/gcc/avr/8.3.0/../../../../avr/lib/avr5\libm.a(floatsisf.o)
                              .build/obj_kb_default/common/mousekey.o (__floatsisf)
c:/msys64/home/pc-office/qmk_utils/avr8-gnu-toolchain/bin/../lib/gcc/avr/8.3.0/../../../../avr/lib/avr5\libm.a(fp_split3.o)
                              c:/msys64/home/pc-office/qmk_utils/avr8-gnu-toolchain/bin/../lib/gcc/avr/8.3.0/../../../../avr/lib/avr5\libm.a(fixunssfsi.o) (__fp_splitA)
c:/msys64/home/pc-office/qmk_utils/avr8-gnu-toolchain/bin/../lib/gcc/avr/8.3.0/../../../../avr/lib/avr5\libm.a(fp_zero.o)
                              c:/msys64/home/pc-office/qmk_utils/avr8-gnu-toolchain/bin/../lib/gcc/avr/8.3.0/../../../../avr/lib/avr5\libm.a(fixunssfsi.o) (__fp_zero)
c:/msys64/home/pc-office/qmk_utils/avr8-gnu-toolchain/bin/../lib/gcc/avr/8.3.0/../../../../avr/lib/avr5\libm.a(mulsf3.o)
                              .build/obj_kb_default/common/mousekey.o (__mulsf3)
c:/msys64/home/pc-office/qmk_utils/avr8-gnu-toolchain/bin/../lib/gcc/avr/8.3.0/../../../../avr/lib/avr5\libm.a(mulsf3x.o)
                              c:/msys64/home/pc-office/qmk_utils/avr8-gnu-toolchain/bin/../lib/gcc/avr/8.3.0/../../../../avr/lib/avr5\libm.a(mulsf3.o) (__mulsf3x)
c:/msys64/home/pc-office/qmk_utils/avr8-gnu-toolchain/bin/../lib/gcc/avr/8.3.0/../../../../avr/lib/avr5\libm.a(fp_inf.o)
                              c:/msys64/home/pc-office/qmk_utils/avr8-gnu-toolchain/bin/../lib/gcc/avr/8.3.0/../../../../avr/lib/avr5\libm.a(mulsf3x.o) (__fp_inf)
c:/msys64/home/pc-office/qmk_utils/avr8-gnu-toolchain/bin/../lib/gcc/avr/8.3.0/../../../../avr/lib/avr5\libm.a(fp_nan.o)
                              c:/msys64/home/pc-office/qmk_utils/avr8-gnu-toolchain/bin/../lib/gcc/avr/8.3.0/../../../../avr/lib/avr5\libm.a(mulsf3x.o) (__fp_nan)
c:/msys64/home/pc-office/qmk_utils/avr8-gnu-toolchain/bin/../lib/gcc/avr/8.3.0/../../../../avr/lib/avr5\libm.a(fp_pscA.o)
                              c:/msys64/home/pc-office/qmk_utils/avr8-gnu-toolchain/bin/../lib/gcc/avr/8.3.0/../../../../avr/lib/avr5\libm.a(mulsf3x.o) (__fp_pscA)
c:/msys64/home/pc-office/qmk_utils/avr8-gnu-toolchain/bin/../lib/gcc/avr/8.3.0/../../../../avr/lib/avr5\libm.a(fp_pscB.o)
                              c:/msys64/home/pc-office/qmk_utils/avr8-gnu-toolchain/bin/../lib/gcc/avr/8.3.0/../../../../avr/lib/avr5\libm.a(mulsf3x.o) (__fp_pscB)
c:/msys64/home/pc-office/qmk_utils/avr8-gnu-toolchain/bin/../lib/gcc/avr/8.3.0/../../../../avr/lib/avr5\libm.a(fp_round.o)
                              c:/msys64/home/pc-office/qmk_utils/avr8-gnu-toolchain/bin/../lib/gcc/avr/8.3.0/../../../../avr/lib/avr5\libm.a(mulsf3.o) (__fp_round)
c:/msys64/home/pc-office/qmk_utils/avr8-gnu-toolchain/bin/../lib/gcc/avr/8.3.0/avr5\libgcc.a(_divmodhi4.o)
                              .build/obj_kb_default/common/mousekey.o (__divmodhi4)
c:/msys64/home/pc-office/qmk_utils/avr8-gnu-toolchain/bin/../lib/gcc/avr/8.3.0/avr5\libgcc.a(_exit.o)
                              c:/msys64/home/pc-office/qmk_utils/avr8-gnu-toolchain/bin/../lib/gcc/avr/8.3.0/../../../../avr/lib/avr5/crtatmega32u4.o (exit)
c:/msys64/home/pc-office/qmk_utils/avr8-gnu-toolchain/bin/../lib/gcc/avr/8.3.0/avr5\libgcc.a(_tablejump2.o)
                              .build/obj_kb_default/quantum/quantum.o (__tablejump2__)
c:/msys64/home/pc-office/qmk_utils/avr8-gnu-toolchain/bin/../lib/gcc/avr/8.3.0/avr5\libgcc.a(_copy_data.o)
                              .build/obj_kb_default/quantum/matrix.o (__do_copy_data)
c:/msys64/home/pc-office/qmk_utils/avr8-gnu-toolchain/bin/../lib/gcc/avr/8.3.0/avr5\libgcc.a(_clear_bss.o)
                              .build/obj_kb_default/quantum/quantum.o (__do_clear_bss)
c:/msys64/home/pc-office/qmk_utils/avr8-gnu-toolchain/bin/../lib/gcc/avr/8.3.0/avr5\libgcc.a(_udivmodhi4.o)
                              c:/msys64/home/pc-office/qmk_utils/avr8-gnu-toolchain/bin/../lib/gcc/avr/8.3.0/avr5\libgcc.a(_divmodhi4.o) (__udivmodhi4)
c:/msys64/home/pc-office/qmk_utils/avr8-gnu-toolchain/bin/../lib/gcc/avr/8.3.0/../../../../avr/lib/avr5\libatmega32u4.a(eerd_byte.o)
                              .build/obj_kb_default/common/eeconfig.o (eeprom_read_byte)
c:/msys64/home/pc-office/qmk_utils/avr8-gnu-toolchain/bin/../lib/gcc/avr/8.3.0/../../../../avr/lib/avr5\libatmega32u4.a(eerd_word.o)
[...]
Memory Configuration

Name             Origin             Length             Attributes
text             0x00000000         0x00020000         xr
data             0x00800060         0x0000ffa0         rw !x
eeprom           0x00810000         0x00010000         rw !x
fuse             0x00820000         0x00000400         rw !x
lock             0x00830000         0x00000400         rw !x
signature        0x00840000         0x00000400         rw !x
user_signatures  0x00850000         0x00000400         rw !x
*default*        0x00000000         0xffffffff

Linker script and memory map

Address of section .data set to 0x800100
LOAD c:/msys64/home/pc-office/qmk_utils/avr8-gnu-toolchain/bin/../lib/gcc/avr/8.3.0/../../../../avr/lib/avr5/crtatmega32u4.o
LOAD .build/obj_kb_default/keyboards/kb/kb.o
LOAD .build/obj_kb_default/keyboards/kb/keymaps/default/keymap.o
LOAD .build/obj_kb_default/quantum/quantum.o
LOAD .build/obj_kb_default/quantum/keymap_common.o
LOAD .build/obj_kb_default/quantum/keycode_config.o
LOAD .build/obj_kb_default/quantum/process_keycode/process_leader.o
LOAD .build/obj_kb_default/quantum/matrix.o
LOAD .build/obj_kb_default/common/host.o
LOAD .build/obj_kb_default/common/keyboard.o
LOAD .build/obj_kb_default/common/action.o
LOAD .build/obj_kb_default/common/action_tapping.o
LOAD .build/obj_kb_default/common/action_macro.o
LOAD .build/obj_kb_default/common/action_layer.o
LOAD .build/obj_kb_default/common/action_util.o
LOAD .build/obj_kb_default/common/print.o
LOAD .build/obj_kb_default/common/debug.o
LOAD .build/obj_kb_default/common/util.o
LOAD .build/obj_kb_default/common/eeconfig.o
LOAD .build/obj_kb_default/common/avr/suspend.o
LOAD .build/obj_kb_default/common/avr/timer.o
LOAD .build/obj_kb_default/common/avr/bootloader.o
LOAD .build/obj_kb_default/common/avr/xprintf.o
LOAD .build/obj_kb_default/common/bootmagic.o
LOAD .build/obj_kb_default/common/mousekey.o
LOAD .build/obj_kb_default/lufa.o
LOAD .build/obj_kb_default/descriptor.o
LOAD .build/obj_kb_default/protocol/lufa/LUFA-git/LUFA/Drivers/USB/Class/Common/HIDParser.o
LOAD .build/obj_kb_default/protocol/lufa/LUFA-git/LUFA/Drivers/USB/Core/AVR8/Device_AVR8.o
LOAD .build/obj_kb_default/protocol/lufa/LUFA-git/LUFA/Drivers/USB/Core/AVR8/EndpointStream_AVR8.o
LOAD .build/obj_kb_default/protocol/lufa/LUFA-git/LUFA/Drivers/USB/Core/AVR8/Endpoint_AVR8.o
LOAD .build/obj_kb_default/protocol/lufa/LUFA-git/LUFA/Drivers/USB/Core/AVR8/Host_AVR8.o
LOAD .build/obj_kb_default/protocol/lufa/LUFA-git/LUFA/Drivers/USB/Core/AVR8/PipeStream_AVR8.o
LOAD .build/obj_kb_default/protocol/lufa/LUFA-git/LUFA/Drivers/USB/Core/AVR8/Pipe_AVR8.o
LOAD .build/obj_kb_default/protocol/lufa/LUFA-git/LUFA/Drivers/USB/Core/AVR8/USBController_AVR8.o
LOAD .build/obj_kb_default/protocol/lufa/LUFA-git/LUFA/Drivers/USB/Core/AVR8/USBInterrupt_AVR8.o
LOAD .build/obj_kb_default/protocol/lufa/LUFA-git/LUFA/Drivers/USB/Core/ConfigDescriptors.o
LOAD .build/obj_kb_default/protocol/lufa/LUFA-git/LUFA/Drivers/USB/Core/DeviceStandardReq.o
LOAD .build/obj_kb_default/protocol/lufa/LUFA-git/LUFA/Drivers/USB/Core/Events.o
LOAD .build/obj_kb_default/protocol/lufa/LUFA-git/LUFA/Drivers/USB/Core/HostStandardReq.o
LOAD .build/obj_kb_default/protocol/lufa/LUFA-git/LUFA/Drivers/USB/Core/USBTask.o
LOAD c:/msys64/home/pc-office/qmk_utils/avr8-gnu-toolchain/bin/../lib/gcc/avr/8.3.0/../../../../avr/lib/avr5\libm.a
START GROUP
LOAD c:/msys64/home/pc-office/qmk_utils/avr8-gnu-toolchain/bin/../lib/gcc/avr/8.3.0/avr5\libgcc.a
LOAD c:/msys64/home/pc-office/qmk_utils/avr8-gnu-toolchain/bin/../lib/gcc/avr/8.3.0/../../../../avr/lib/avr5\libm.a
LOAD c:/msys64/home/pc-office/qmk_utils/avr8-gnu-toolchain/bin/../lib/gcc/avr/8.3.0/../../../../avr/lib/avr5\libc.a
LOAD c:/msys64/home/pc-office/qmk_utils/avr8-gnu-toolchain/bin/../lib/gcc/avr/8.3.0/../../../../avr/lib/avr5\libatmega32u4.a
END GROUP
                0x00020000                __TEXT_REGION_LENGTH__ = DEFINED (__TEXT_REGION_LENGTH__)?__TEXT_REGION_LENGTH__:0x20000
                0x0000ffa0                __DATA_REGION_LENGTH__ = DEFINED (__DATA_REGION_LENGTH__)?__DATA_REGION_LENGTH__:0xffa0
                0x00010000                __EEPROM_REGION_LENGTH__ = DEFINED (__EEPROM_REGION_LENGTH__)?__EEPROM_REGION_LENGTH__:0x10000
                0x00000400                __FUSE_REGION_LENGTH__ = DEFINED (__FUSE_REGION_LENGTH__)?__FUSE_REGION_LENGTH__:0x400
                0x00000400                __LOCK_REGION_LENGTH__ = DEFINED (__LOCK_REGION_LENGTH__)?__LOCK_REGION_LENGTH__:0x400
                0x00000400                __SIGNATURE_REGION_LENGTH__ = DEFINED (__SIGNATURE_REGION_LENGTH__)?__SIGNATURE_REGION_LENGTH__:0x400
                0x00000400                __USER_SIGNATURE_REGION_LENGTH__ = DEFINED (__USER_SIGNATURE_REGION_LENGTH__)?__USER_SIGNATURE_REGION_LENGTH__:0x400

.hash
 *(.hash)

.dynsym
 *(.dynsym)

.dynstr
 *(.dynstr)

.gnu.version
 *(.gnu.version)

.gnu.version_d
 *(.gnu.version_d)

.gnu.version_r
 *(.gnu.version_r)

.rel.init
 *(.rel.init)

.rela.init
 *(.rela.init)

.rel.text
 *(.rel.text)
 *(.rel.text.*)
 *(.rel.gnu.linkonce.t*)

.rela.text
 *(.rela.text)
 *(.rela.text.*)
 *(.rela.gnu.linkonce.t*)

.rel.fini
 *(.rel.fini)

.rela.fini
 *(.rela.fini)

.rel.rodata
 *(.rel.rodata)
 *(.rel.rodata.*)
 *(.rel.gnu.linkonce.r*)

.rela.rodata
 *(.rela.rodata)
 *(.rela.rodata.*)
 *(.rela.gnu.linkonce.r*)

.rel.data
 *(.rel.data)
 *(.rel.data.*)
 *(.rel.gnu.linkonce.d*)

.rela.data
 *(.rela.data)
 *(.rela.data.*)
 *(.rela.gnu.linkonce.d*)

.rel.ctors
 *(.rel.ctors)

.rela.ctors
 *(.rela.ctors)

.rel.dtors
 *(.rel.dtors)

.rela.dtors
 *(.rela.dtors)

.rel.got
 *(.rel.got)

.rela.got
 *(.rela.got)

.rel.bss
 *(.rel.bss)

.rela.bss
 *(.rela.bss)

.rel.plt
 *(.rel.plt)

.rela.plt
 *(.rela.plt)

.text           0x00000000     0x3d6c
 *(.vectors)
 .vectors       0x00000000       0xac c:/msys64/home/pc-office/qmk_utils/avr8-gnu-toolchain/bin/../lib/gcc/avr/8.3.0/../../../../avr/lib/avr5/crtatmega32u4.o
                0x00000000                __vector_default
                0x00000000                __vectors
 *(.vectors)
 *(.progmem.gcc*)
                0x000000ac                . = ALIGN (0x2)
                0x000000ac                __trampolines_start = .
 *(.trampolines)
 .trampolines   0x000000ac        0x0 linker stubs
 *(.trampolines*)
                0x000000ac                __trampolines_end = .
 *libprintf_flt.a:*(.progmem.data)
 *libc.a:*(.progmem.data)
 *(.progmem.*)
 .progmem.data.keymaps
                0x000000ac       0x80 .build/obj_kb_default/keyboards/kb/keymaps/default/keymap.o
                0x000000ac                keymaps
 .progmem.data.fn_actions
                0x0000012c        0x0 .build/obj_kb_default/quantum/keymap_common.o
                0x0000012c                fn_actions
 .progmem.data.ProductString
                0x0000012c       0x14 .build/obj_kb_default/descriptor.o
                0x0000012c                ProductString
 .progmem.data.ManufacturerString
                0x00000140       0x18 .build/obj_kb_default/descriptor.o
                0x00000140                ManufacturerString
 .progmem.data.LanguageString
                0x00000158        0x4 .build/obj_kb_default/descriptor.o
                0x00000158                LanguageString
 .progmem.data.ConfigurationDescriptor
                0x0000015c       0x6d .build/obj_kb_default/descriptor.o
                0x0000015c                ConfigurationDescriptor
 .progmem.data.DeviceDescriptor
                0x000001c9       0x12 .build/obj_kb_default/descriptor.o
                0x000001c9                DeviceDescriptor
 .progmem.data.NKROReport
                0x000001db       0x39 .build/obj_kb_default/descriptor.o
                0x000001db                NKROReport
 .progmem.data.ExtrakeyReport
                0x00000214       0x36 .build/obj_kb_default/descriptor.o
                0x00000214                ExtrakeyReport
 .progmem.data.MouseReport
                0x0000024a       0x4d .build/obj_kb_default/descriptor.o
                0x0000024a                MouseReport
 .progmem.data.KeyboardReport
                0x00000297       0x40 .build/obj_kb_default/descriptor.o
                0x00000297                KeyboardReport
                0x000002d8                . = ALIGN (0x2)
 *fill*         0x000002d7        0x1 
 *(.lowtext)
 *(.lowtext*)
                0x000002d8                __ctors_start = .
 *(.ctors)
                0x000002d8                __ctors_end = .
                0x000002d8                __dtors_start = .
 *(.dtors)
                0x000002d8                __dtors_end = .
 SORT_BY_NAME(*)(.ctors)
 SORT_BY_NAME(*)(.dtors)
 *(.init0)
 .init0         0x000002d8        0x0 c:/msys64/home/pc-office/qmk_utils/avr8-gnu-toolchain/bin/../lib/gcc/avr/8.3.0/../../../../avr/lib/avr5/crtatmega32u4.o
                0x000002d8                __init
 *(.init0)
 *(.init1)
 *(.init1)
 *(.init2)
 .init2         0x000002d8        0xc c:/msys64/home/pc-office/qmk_utils/avr8-gnu-toolchain/bin/../lib/gcc/avr/8.3.0/../../../../avr/lib/avr5/crtatmega32u4.o
 *(.init2)
 *(.init3)
 .init3         0x000002e4       0x54 .build/obj_kb_default/common/avr/bootloader.o
                0x000002e4                bootloader_jump_after_watchdog_reset
 *(.init3)
 *(.init4)
 .init4         0x00000338       0x16 c:/msys64/home/pc-office/qmk_utils/avr8-gnu-toolchain/bin/../lib/gcc/avr/8.3.0/avr5\libgcc.a(_copy_data.o)
                0x00000338                __do_copy_data
 .init4         0x0000034e       0x10 c:/msys64/home/pc-office/qmk_utils/avr8-gnu-toolchain/bin/../lib/gcc/avr/8.3.0/avr5\libgcc.a(_clear_bss.o)
                0x0000034e                __do_clear_bss
 *(.init4)
 *(.init5)
 *(.init5)
 *(.init6)
 *(.init6)
 *(.init7)
 *(.init7)
 *(.init8)
 *(.init8)
 *(.init9)
 .init9         0x0000035e        0x8 c:/msys64/home/pc-office/qmk_utils/avr8-gnu-toolchain/bin/../lib/gcc/avr/8.3.0/../../../../avr/lib/avr5/crtatmega32u4.o
 *(.init9)
 *(.text)
 .text          0x00000366        0x4 c:/msys64/home/pc-office/qmk_utils/avr8-gnu-toolchain/bin/../lib/gcc/avr/8.3.0/../../../../avr/lib/avr5/crtatmega32u4.o
                0x00000366                __vector_38
                0x00000366                __vector_22
                0x00000366                __vector_28
                0x00000366                __vector_1
                0x00000366                __vector_32
                0x00000366                __vector_34
                0x00000366                __vector_24
                0x00000366                __bad_interrupt
                0x00000366                __vector_6
                0x00000366                __vector_31
                0x00000366                __vector_35
                0x00000366                __vector_39
                0x00000366                __vector_3
                0x00000366                __vector_23
                0x00000366                __vector_30
                0x00000366                __vector_25
                0x00000366                __vector_13
                0x00000366                __vector_17
                0x00000366                __vector_19
                0x00000366                __vector_7
                0x00000366                __vector_41
                0x00000366                __vector_27
                0x00000366                __vector_5
                0x00000366                __vector_33
                0x00000366                __vector_37
                0x00000366                __vector_4
                0x00000366                __vector_9
                0x00000366                __vector_2
                0x00000366                __vector_15
                0x00000366                __vector_36
                0x00000366                __vector_29
                0x00000366                __vector_40
                0x00000366                __vector_8
                0x00000366                __vector_26
                0x00000366                __vector_14
                0x00000366                __vector_16
                0x00000366                __vector_18
                0x00000366                __vector_20
                0x00000366                __vector_42
                0x0000036a                . = ALIGN (0x2)
 *(.text.*)
 .text.action_get_macro
                0x0000036a        0x6 .build/obj_kb_default/keyboards/kb/keymaps/default/keymap.o
                0x0000036a                action_get_macro
 .text.matrix_init_user
                0x00000370        0x2 .build/obj_kb_default/keyboards/kb/keymaps/default/keymap.o
                0x00000370                matrix_init_user
 .text.matrix_scan_user
                0x00000372        0x2 .build/obj_kb_default/keyboards/kb/keymaps/default/keymap.o
                0x00000372                matrix_scan_user
 .text.process_record_user
                0x00000374        0x4 .build/obj_kb_default/keyboards/kb/keymaps/default/keymap.o
                0x00000374                process_record_user
 .text.led_set_user
                0x00000378        0x2 .build/obj_kb_default/keyboards/kb/keymaps/default/keymap.o
                0x00000378                led_set_user
 .text.process_action_kb
                0x0000037a        0x4 .build/obj_kb_default/quantum/quantum.o
                0x0000037a                process_action_kb
 .text.process_record_kb
                0x0000037e        0x4 .build/obj_kb_default/quantum/quantum.o
                0x0000037e                process_record_kb
 .text.reset_keyboard
                0x00000382       0x1a .build/obj_kb_default/quantum/quantum.o
                0x00000382                reset_keyboard
 .text.process_record_quantum
                0x0000039c      0x258 .build/obj_kb_default/quantum/quantum.o
                0x0000039c                process_record_quantum
 .text.matrix_init_quantum
                0x000005f4        0x4 .build/obj_kb_default/quantum/quantum.o
                0x000005f4                matrix_init_quantum
 .text.matrix_scan_quantum
                0x000005f8        0x4 .build/obj_kb_default/quantum/quantum.o
                0x000005f8                matrix_scan_quantum
 .text.led_set_kb
                0x000005fc        0x4 .build/obj_kb_default/quantum/quantum.o
                0x000005fc                led_set_kb
 .text.led_set  0x00000600        0x4 .build/obj_kb_default/quantum/quantum.o
                0x00000600                led_set
 .text.action_function
                0x00000604        0x2 .build/obj_kb_default/quantum/keymap_common.o
                0x00000604                action_function
 .text.keymap_key_to_keycode
                0x00000606       0x22 .build/obj_kb_default/quantum/keymap_common.o
                0x00000606                keymap_key_to_keycode
 .text.keymap_function_id_to_action
                0x00000628       0x10 .build/obj_kb_default/quantum/keymap_common.o
                0x00000628                keymap_function_id_to_action
 .text.action_for_key
                0x00000638      0x2e8 .build/obj_kb_default/quantum/keymap_common.o
                0x00000638                action_for_key
 .text.keycode_config
                0x00000920       0xf6 .build/obj_kb_default/quantum/keycode_config.o
                0x00000920                keycode_config
 .text.leader_start
                0x00000a16        0x2 .build/obj_kb_default/quantum/process_keycode/process_leader.o
                0x00000a16                leader_start
 .text.process_leader
                0x00000a18       0x9e .build/obj_kb_default/quantum/process_keycode/process_leader.o
                0x00000a18                process_leader
 .text.matrix_init_kb
                0x00000ab6        0x4 .build/obj_kb_default/quantum/matrix.o
                0x00000ab6                matrix_init_kb
 .text.matrix_scan_kb
                0x00000aba        0x4 .build/obj_kb_default/quantum/matrix.o
                0x00000aba                matrix_scan_kb
 .text.matrix_init
                0x00000abe       0x32 .build/obj_kb_default/quantum/matrix.o
                0x00000abe                matrix_init
 .text.matrix_scan
                0x00000af0       0xee .build/obj_kb_default/quantum/matrix.o
                0x00000af0                matrix_scan
 .text.matrix_get_row
                0x00000bde        0xc .build/obj_kb_default/quantum/matrix.o
                0x00000bde                matrix_get_row
 .text.matrix_print
                0x00000bea        0x2 .build/obj_kb_default/quantum/matrix.o
                0x00000bea                matrix_print
 .text.host_set_driver
                0x00000bec        0xa .build/obj_kb_default/common/host.o
                0x00000bec                host_set_driver
 .text.host_keyboard_leds
                0x00000bf6       0x18 .build/obj_kb_default/common/host.o
                0x00000bf6                host_keyboard_leds
 .text.host_keyboard_send
                0x00000c0e       0x16 .build/obj_kb_default/common/host.o
                0x00000c0e                host_keyboard_send
 .text.host_mouse_send
                0x00000c24       0x16 .build/obj_kb_default/common/host.o
                0x00000c24                host_mouse_send
 .text.host_system_send
                0x00000c3a       0x2c .build/obj_kb_default/common/host.o
                0x00000c3a                host_system_send
 .text.host_consumer_send
                0x00000c66       0x2c .build/obj_kb_default/common/host.o
                0x00000c66                host_consumer_send
 .text.matrix_setup
                0x00000c92        0x2 .build/obj_kb_default/common/keyboard.o
                0x00000c92                matrix_setup
 .text.keyboard_setup
                0x00000c94        0x4 .build/obj_kb_default/common/keyboard.o
                0x00000c94                keyboard_setup
 .text.keyboard_init
                0x00000c98        0xc .build/obj_kb_default/common/keyboard.o
                0x00000c98                keyboard_init
 .text.keyboard_task
                0x00000ca4      0x136 .build/obj_kb_default/common/keyboard.o
                0x00000ca4                keyboard_task
 .text.action_exec
                0x00000dda       0x54 .build/obj_kb_default/common/action.o
                0x00000dda                action_exec
 .text.register_code
                0x00000e2e      0x1b8 .build/obj_kb_default/common/action.o
                0x00000e2e                register_code
 .text.unregister_code
                0x00000fe6       0x9e .build/obj_kb_default/common/action.o
                0x00000fe6                unregister_code
 .text.register_mods
                0x00001084        0xe .build/obj_kb_default/common/action.o
                0x00001084                register_mods
 .text.unregister_mods
                0x00001092        0xe .build/obj_kb_default/common/action.o
                0x00001092                unregister_mods
 .text.process_action
                0x000010a0      0x3fc .build/obj_kb_default/common/action.o
                0x000010a0                process_action
 .text.process_record
                0x0000149c       0x54 .build/obj_kb_default/common/action.o
                0x0000149c                process_record
 .text.clear_keyboard_but_mods
                0x000014f0       0x28 .build/obj_kb_default/common/action.o
                0x000014f0                clear_keyboard_but_mods
 .text.clear_keyboard
                0x00001518        0x8 .build/obj_kb_default/common/action.o
                0x00001518                clear_keyboard
 .text.is_tap_key
                0x00001520       0x42 .build/obj_kb_default/common/action.o
                0x00001520                is_tap_key
 .text.debug_event
                0x00001562       0x1e .build/obj_kb_default/common/action.o
                0x00001562                debug_event
 .text.debug_record
                0x00001580       0x20 .build/obj_kb_default/common/action.o
                0x00001580                debug_record
 .text.debug_waiting_buffer
                0x000015a0       0x42 .build/obj_kb_default/common/action_tapping.o
 .text.debug_tapping_key
                0x000015e2       0x1c .build/obj_kb_default/common/action_tapping.o
 .text.waiting_buffer_scan_tap
                0x000015fe       0xc8 .build/obj_kb_default/common/action_tapping.o
 .text.process_tapping
                0x000016c6      0x372 .build/obj_kb_default/common/action_tapping.o
 .text.action_tapping_process
                0x00001a38      0x134 .build/obj_kb_default/common/action_tapping.o
                0x00001a38                action_tapping_process
 .text.action_macro_play
                0x00001b6c       0xf0 .build/obj_kb_default/common/action_macro.o
                0x00001b6c                action_macro_play
 .text.default_layer_debug
                0x00001c5c        0x2 .build/obj_kb_default/common/action_layer.o
                0x00001c5c                default_layer_debug
 .text.default_layer_set
                0x00001c5e       0x14 .build/obj_kb_default/common/action_layer.o
                0x00001c5e                default_layer_set
 .text.default_layer_or
                0x00001c72       0x38 .build/obj_kb_default/common/action_layer.o
                0x00001c72                default_layer_or
 .text.default_layer_and
                0x00001caa       0x38 .build/obj_kb_default/common/action_layer.o
                0x00001caa                default_layer_and
 .text.default_layer_xor
                0x00001ce2       0x38 .build/obj_kb_default/common/action_layer.o
                0x00001ce2                default_layer_xor
 .text.layer_clear
                0x00001d1a       0x14 .build/obj_kb_default/common/action_layer.o
                0x00001d1a                layer_clear
 .text.layer_move
                0x00001d2e       0x2a .build/obj_kb_default/common/action_layer.o
                0x00001d2e                layer_move
 .text.layer_on
                0x00001d58       0x42 .build/obj_kb_default/common/action_layer.o
                0x00001d58                layer_on
 .text.layer_off
                0x00001d9a       0x4a .build/obj_kb_default/common/action_layer.o
                0x00001d9a                layer_off
 .text.layer_invert
                0x00001de4       0x42 .build/obj_kb_default/common/action_layer.o
                0x00001de4                layer_invert
 .text.layer_or
                0x00001e26       0x38 .build/obj_kb_default/common/action_layer.o
                0x00001e26                layer_or
 .text.layer_and
                0x00001e5e       0x38 .build/obj_kb_default/common/action_layer.o
                0x00001e5e                layer_and
 .text.layer_xor
                0x00001e96       0x38 .build/obj_kb_default/common/action_layer.o
                0x00001e96                layer_xor
 .text.layer_debug
                0x00001ece        0x2 .build/obj_kb_default/common/action_layer.o
                0x00001ece                layer_debug
 .text.update_source_layers_cache
                0x00001ed0       0x56 .build/obj_kb_default/common/action_layer.o
                0x00001ed0                update_source_layers_cache
 .text.read_source_layers_cache
                0x00001f26       0x4c .build/obj_kb_default/common/action_layer.o
                0x00001f26                read_source_layers_cache
 .text.layer_switch_get_layer
                0x00001f72       0x84 .build/obj_kb_default/common/action_layer.o
                0x00001f72                layer_switch_get_layer
 .text.layer_switch_get_action
                0x00001ff6       0x14 .build/obj_kb_default/common/action_layer.o
                0x00001ff6                layer_switch_get_action
 .text.store_or_get_action
                0x0000200a       0x48 .build/obj_kb_default/common/action_layer.o
                0x0000200a                store_or_get_action
 .text.get_oneshot_layer
                0x00002052        0xc .build/obj_kb_default/common/action_util.o
                0x00002052                get_oneshot_layer
 .text.get_oneshot_layer_state
                0x0000205e        0x8 .build/obj_kb_default/common/action_util.o
                0x0000205e                get_oneshot_layer_state
 .text.set_oneshot_layer
                0x00002066       0x12 .build/obj_kb_default/common/action_util.o
                0x00002066                set_oneshot_layer
 .text.clear_oneshot_layer_state
                0x00002078       0x2c .build/obj_kb_default/common/action_util.o
                0x00002078                clear_oneshot_layer_state
 .text.is_oneshot_layer_active
                0x000020a4        0xe .build/obj_kb_default/common/action_util.o
                0x000020a4                is_oneshot_layer_active
 .text.add_key  0x000020b2       0x7a .build/obj_kb_default/common/action_util.o
                0x000020b2                add_key
 .text.del_key  0x0000212c       0x68 .build/obj_kb_default/common/action_util.o
                0x0000212c                del_key
 .text.clear_keys
                0x00002194       0x1c .build/obj_kb_default/common/action_util.o
                0x00002194                clear_keys
 .text.add_mods
                0x000021b0        0xc .build/obj_kb_default/common/action_util.o
                0x000021b0                add_mods
 .text.del_mods
                0x000021bc        0xe .build/obj_kb_default/common/action_util.o
                0x000021bc                del_mods
 .text.clear_mods
                0x000021ca        0x6 .build/obj_kb_default/common/action_util.o
                0x000021ca                clear_mods
 .text.add_weak_mods
                0x000021d0        0xc .build/obj_kb_default/common/action_util.o
                0x000021d0                add_weak_mods
 .text.del_weak_mods
                0x000021dc        0xe .build/obj_kb_default/common/action_util.o
                0x000021dc                del_weak_mods
 .text.clear_weak_mods
                0x000021ea        0x6 .build/obj_kb_default/common/action_util.o
                0x000021ea                clear_weak_mods
 .text.add_macro_mods
                0x000021f0        0xc .build/obj_kb_default/common/action_util.o
                0x000021f0                add_macro_mods
 .text.del_macro_mods
                0x000021fc        0xe .build/obj_kb_default/common/action_util.o
                0x000021fc                del_macro_mods
 .text.clear_macro_mods
                0x0000220a        0x6 .build/obj_kb_default/common/action_util.o
                0x0000220a                clear_macro_mods
 .text.set_oneshot_mods
                0x00002210        0x6 .build/obj_kb_default/common/action_util.o
                0x00002210                set_oneshot_mods
 .text.clear_oneshot_mods
                0x00002216        0x6 .build/obj_kb_default/common/action_util.o
                0x00002216                clear_oneshot_mods
 .text.has_anykey
                0x0000221c       0x20 .build/obj_kb_default/common/action_util.o
                0x0000221c                has_anykey
 .text.send_keyboard_report
                0x0000223c       0x5e .build/obj_kb_default/common/action_util.o
                0x0000223c                send_keyboard_report
 .text.eeconfig_init
                0x0000229a       0x34 .build/obj_kb_default/common/eeconfig.o
                0x0000229a                eeconfig_init
 .text.eeconfig_is_enabled
                0x000022ce       0x16 .build/obj_kb_default/common/eeconfig.o
                0x000022ce                eeconfig_is_enabled
 .text.eeconfig_read_debug
                0x000022e4        0x8 .build/obj_kb_default/common/eeconfig.o
                0x000022e4                eeconfig_read_debug
 .text.eeconfig_update_debug
                0x000022ec        0xa .build/obj_kb_default/common/eeconfig.o
                0x000022ec                eeconfig_update_debug
 .text.eeconfig_read_default_layer
                0x000022f6        0x8 .build/obj_kb_default/common/eeconfig.o
                0x000022f6                eeconfig_read_default_layer
 .text.eeconfig_update_default_layer
                0x000022fe        0xa .build/obj_kb_default/common/eeconfig.o
                0x000022fe                eeconfig_update_default_layer
 .text.eeconfig_read_keymap
                0x00002308        0x8 .build/obj_kb_default/common/eeconfig.o
                0x00002308                eeconfig_read_keymap
 .text.eeconfig_update_keymap
                0x00002310        0xa .build/obj_kb_default/common/eeconfig.o
                0x00002310                eeconfig_update_keymap
 .text.suspend_power_down
                0x0000231a       0x58 .build/obj_kb_default/common/avr/suspend.o
                0x0000231a                suspend_power_down
 .text.matrix_power_up
                0x00002372        0x2 .build/obj_kb_default/common/avr/suspend.o
                0x00002372                matrix_power_up
 .text.matrix_power_down
                0x00002374        0x2 .build/obj_kb_default/common/avr/suspend.o
                0x00002374                matrix_power_down
 .text.suspend_wakeup_condition
                0x00002376       0x2a .build/obj_kb_default/common/avr/suspend.o
                0x00002376                suspend_wakeup_condition
 .text.suspend_wakeup_init
                0x000023a0        0xc .build/obj_kb_default/common/avr/suspend.o
                0x000023a0                suspend_wakeup_init
 .text.__vector_12
                0x000023ac       0x4e .build/obj_kb_default/common/avr/suspend.o
                0x000023ac                __vector_12
 .text.timer_init
                0x000023fa       0x12 .build/obj_kb_default/common/avr/timer.o
                0x000023fa                timer_init
 .text.timer_read
                0x0000240c       0x18 .build/obj_kb_default/common/avr/timer.o
                0x0000240c                timer_read
 .text.timer_elapsed
                0x00002424       0x54 .build/obj_kb_default/common/avr/timer.o
                0x00002424                timer_elapsed
 .text.__vector_21
                0x00002478       0x46 .build/obj_kb_default/common/avr/timer.o
                0x00002478                __vector_21
 .text.bootloader_jump
                0x000024be       0x44 .build/obj_kb_default/common/avr/bootloader.o
                0x000024be                bootloader_jump
 .text.scan_keycode
                0x00002502       0x56 .build/obj_kb_default/common/bootmagic.o
 .text.bootmagic_scan_keycode
                0x00002558       0x1c .build/obj_kb_default/common/bootmagic.o
                0x00002558                bootmagic_scan_keycode
 .text.bootmagic
                0x00002574      0x212 .build/obj_kb_default/common/bootmagic.o
                0x00002574                bootmagic
 .text.move_unit
                0x00002786       0x94 .build/obj_kb_default/common/mousekey.o
 .text.wheel_unit
                0x0000281a       0x72 .build/obj_kb_default/common/mousekey.o
 .text.mousekey_on
                0x0000288c       0xd0 .build/obj_kb_default/common/mousekey.o
                0x0000288c                mousekey_on
 .text.mousekey_off
                0x0000295c       0xfe .build/obj_kb_default/common/mousekey.o
                0x0000295c                mousekey_off
 .text.mousekey_send
                0x00002a5a       0x16 .build/obj_kb_default/common/mousekey.o
                0x00002a5a                mousekey_send
 .text.mousekey_task
                0x00002a70      0x142 .build/obj_kb_default/common/mousekey.o
                0x00002a70                mousekey_task
 .text.mousekey_clear
                0x00002bb2       0x18 .build/obj_kb_default/common/mousekey.o
                0x00002bb2                mousekey_clear
 .text.keyboard_leds
                0x00002bca        0x6 .build/obj_kb_default/lufa.o
 .text.send_consumer
                0x00002bd0       0x68 .build/obj_kb_default/lufa.o
 .text.send_system
                0x00002c38       0x6c .build/obj_kb_default/lufa.o
 .text.send_mouse
                0x00002ca4       0x4a .build/obj_kb_default/lufa.o
 .text.send_keyboard
                0x00002cee       0xa0 .build/obj_kb_default/lufa.o
 .text.EVENT_USB_Device_Connect
                0x00002d8e       0x1c .build/obj_kb_default/lufa.o
                0x00002d8e                EVENT_USB_Device_Connect
 .text.EVENT_USB_Device_Disconnect
                0x00002daa        0x6 .build/obj_kb_default/lufa.o
                0x00002daa                EVENT_USB_Device_Disconnect
 .text.EVENT_USB_Device_Reset
                0x00002db0        0x2 .build/obj_kb_default/lufa.o
                0x00002db0                EVENT_USB_Device_Reset
 .text.EVENT_USB_Device_Suspend
                0x00002db2        0x2 .build/obj_kb_default/lufa.o
                0x00002db2                EVENT_USB_Device_Suspend
 .text.EVENT_USB_Device_WakeUp
                0x00002db4        0x4 .build/obj_kb_default/lufa.o
                0x00002db4                EVENT_USB_Device_WakeUp
 .text.EVENT_USB_Device_ConfigurationChanged
                0x00002db8       0x28 .build/obj_kb_default/lufa.o
                0x00002db8                EVENT_USB_Device_ConfigurationChanged
 .text.EVENT_USB_Device_ControlRequest
                0x00002de0      0x15a .build/obj_kb_default/lufa.o
                0x00002de0                EVENT_USB_Device_ControlRequest
 .text.startup.main
                0x00002f3a       0x76 .build/obj_kb_default/lufa.o
                0x00002f3a                main
 .text.CALLBACK_USB_GetDescriptor
                0x00002fb0       0xae .build/obj_kb_default/descriptor.o
                0x00002fb0                CALLBACK_USB_GetDescriptor
 .text.USB_Device_SendRemoteWakeup
                0x0000305e       0x2c .build/obj_kb_default/protocol/lufa/LUFA-git/LUFA/Drivers/USB/Core/AVR8/Device_AVR8.o
                0x0000305e                USB_Device_SendRemoteWakeup
 .text.Endpoint_Write_Stream_LE
                0x0000308a       0x9e .build/obj_kb_default/protocol/lufa/LUFA-git/LUFA/Drivers/USB/Core/AVR8/EndpointStream_AVR8.o
                0x0000308a                Endpoint_Write_Stream_LE
 .text.Endpoint_Write_Control_Stream_LE
                0x00003128       0xbc .build/obj_kb_default/protocol/lufa/LUFA-git/LUFA/Drivers/USB/Core/AVR8/EndpointStream_AVR8.o
                0x00003128                Endpoint_Write_Control_Stream_LE
 .text.Endpoint_Write_Control_PStream_LE
                0x000031e4       0xbe .build/obj_kb_default/protocol/lufa/LUFA-git/LUFA/Drivers/USB/Core/AVR8/EndpointStream_AVR8.o
                0x000031e4                Endpoint_Write_Control_PStream_LE
 .text.Endpoint_ConfigureEndpoint_Prv
                0x000032a2       0x68 .build/obj_kb_default/protocol/lufa/LUFA-git/LUFA/Drivers/USB/Core/AVR8/Endpoint_AVR8.o
                0x000032a2                Endpoint_ConfigureEndpoint_Prv
 .text.Endpoint_ClearStatusStage
                0x0000330a       0x3e .build/obj_kb_default/protocol/lufa/LUFA-git/LUFA/Drivers/USB/Core/AVR8/Endpoint_AVR8.o
                0x0000330a                Endpoint_ClearStatusStage
 .text.Endpoint_WaitUntilReady
                0x00003348       0x62 .build/obj_kb_default/protocol/lufa/LUFA-git/LUFA/Drivers/USB/Core/AVR8/Endpoint_AVR8.o
                0x00003348                Endpoint_WaitUntilReady
 .text.USB_Disable
                0x000033aa       0x34 .build/obj_kb_default/protocol/lufa/LUFA-git/LUFA/Drivers/USB/Core/AVR8/USBController_AVR8.o
                0x000033aa                USB_Disable
 .text.USB_ResetInterface
                0x000033de       0x86 .build/obj_kb_default/protocol/lufa/LUFA-git/LUFA/Drivers/USB/Core/AVR8/USBController_AVR8.o
                0x000033de                USB_ResetInterface
 .text.USB_Init
                0x00003464       0x22 .build/obj_kb_default/protocol/lufa/LUFA-git/LUFA/Drivers/USB/Core/AVR8/USBController_AVR8.o
                0x00003464                USB_Init
 .text.USB_INT_DisableAllInterrupts
                0x00003486       0x10 .build/obj_kb_default/protocol/lufa/LUFA-git/LUFA/Drivers/USB/Core/AVR8/USBInterrupt_AVR8.o
                0x00003486                USB_INT_DisableAllInterrupts
 .text.USB_INT_ClearAllInterrupts
                0x00003496        0xa .build/obj_kb_default/protocol/lufa/LUFA-git/LUFA/Drivers/USB/Core/AVR8/USBInterrupt_AVR8.o
                0x00003496                USB_INT_ClearAllInterrupts
 .text.__vector_10
                0x000034a0      0x1a8 .build/obj_kb_default/protocol/lufa/LUFA-git/LUFA/Drivers/USB/Core/AVR8/USBInterrupt_AVR8.o
                0x000034a0                __vector_10
 .text.__vector_11
                0x00003648       0x88 .build/obj_kb_default/protocol/lufa/LUFA-git/LUFA/Drivers/USB/Core/AVR8/USBInterrupt_AVR8.o
                0x00003648                __vector_11
 .text.USB_Device_ProcessControlRequest
                0x000036d0      0x298 .build/obj_kb_default/protocol/lufa/LUFA-git/LUFA/Drivers/USB/Core/DeviceStandardReq.o
                0x000036d0                USB_Device_ProcessControlRequest
 .text.USB_Event_Stub
                0x00003968        0x2 .build/obj_kb_default/protocol/lufa/LUFA-git/LUFA/Drivers/USB/Core/Events.o
                0x00003968                EVENT_USB_Device_StartOfFrame
                0x00003968                USB_Event_Stub
 .text.USB_USBTask
                0x0000396a       0x36 .build/obj_kb_default/protocol/lufa/LUFA-git/LUFA/Drivers/USB/Core/USBTask.o
                0x0000396a                USB_USBTask
 .text.avr-libc.fplib
                0x000039a0        0xe c:/msys64/home/pc-office/qmk_utils/avr8-gnu-toolchain/bin/../lib/gcc/avr/8.3.0/../../../../avr/lib/avr5\libm.a(fixsfsi.o)
                0x000039a0                __fixsfsi
 .text.avr-libc.fplib
                0x000039ae       0x5e c:/msys64/home/pc-office/qmk_utils/avr8-gnu-toolchain/bin/../lib/gcc/avr/8.3.0/../../../../avr/lib/avr5\libm.a(fixunssfsi.o)
                0x000039ae                __fixunssfsi
 .text.avr-libc.fplib
                0x00003a0c       0x7a c:/msys64/home/pc-office/qmk_utils/avr8-gnu-toolchain/bin/../lib/gcc/avr/8.3.0/../../../../avr/lib/avr5\libm.a(floatsisf.o)
                0x00003a0c                __floatunsisf
                0x00003a10                __floatsisf
 .text.avr-libc.fplib
                0x00003a86       0x44 c:/msys64/home/pc-office/qmk_utils/avr8-gnu-toolchain/bin/../lib/gcc/avr/8.3.0/../../../../avr/lib/avr5\libm.a(fp_split3.o)
                0x00003a86                __fp_split3
                0x00003a96                __fp_splitA
 .text.avr-libc.fplib
                0x00003aca        0xe c:/msys64/home/pc-office/qmk_utils/avr8-gnu-toolchain/bin/../lib/gcc/avr/8.3.0/../../../../avr/lib/avr5\libm.a(fp_zero.o)
                0x00003aca                __fp_zero
                0x00003acc                __fp_szero
 .text.avr-libc.fplib
                0x00003ad8        0x8 c:/msys64/home/pc-office/qmk_utils/avr8-gnu-toolchain/bin/../lib/gcc/avr/8.3.0/../../../../avr/lib/avr5\libm.a(mulsf3.o)
                0x00003ad8                __mulsf3
 .text.avr-libc.fplib
                0x00003ae0       0xd2 c:/msys64/home/pc-office/qmk_utils/avr8-gnu-toolchain/bin/../lib/gcc/avr/8.3.0/../../../../avr/lib/avr5\libm.a(mulsf3x.o)
                0x00003afe                __mulsf3x
                0x00003b04                __mulsf3_pse
 .text.avr-libc.fplib
                0x00003bb2        0xc c:/msys64/home/pc-office/qmk_utils/avr8-gnu-toolchain/bin/../lib/gcc/avr/8.3.0/../../../../avr/lib/avr5\libm.a(fp_inf.o)
                0x00003bb2                __fp_inf
 .text.avr-libc.fplib
                0x00003bbe        0x6 c:/msys64/home/pc-office/qmk_utils/avr8-gnu-toolchain/bin/../lib/gcc/avr/8.3.0/../../../../avr/lib/avr5\libm.a(fp_nan.o)
                0x00003bbe                __fp_nan
 .text.avr-libc.fplib
                0x00003bc4        0xe c:/msys64/home/pc-office/qmk_utils/avr8-gnu-toolchain/bin/../lib/gcc/avr/8.3.0/../../../../avr/lib/avr5\libm.a(fp_pscA.o)
                0x00003bc4                __fp_pscA
 .text.avr-libc.fplib
                0x00003bd2        0xe c:/msys64/home/pc-office/qmk_utils/avr8-gnu-toolchain/bin/../lib/gcc/avr/8.3.0/../../../../avr/lib/avr5\libm.a(fp_pscB.o)
                0x00003bd2                __fp_pscB
 .text.avr-libc.fplib
                0x00003be0       0x22 c:/msys64/home/pc-office/qmk_utils/avr8-gnu-toolchain/bin/../lib/gcc/avr/8.3.0/../../../../avr/lib/avr5\libm.a(fp_round.o)
                0x00003be0                __fp_round
 .text.libgcc.div
                0x00003c02       0x28 c:/msys64/home/pc-office/qmk_utils/avr8-gnu-toolchain/bin/../lib/gcc/avr/8.3.0/avr5\libgcc.a(_divmodhi4.o)
                0x00003c02                _div
                0x00003c02                __divmodhi4
 .text.libgcc   0x00003c2a        0xc c:/msys64/home/pc-office/qmk_utils/avr8-gnu-toolchain/bin/../lib/gcc/avr/8.3.0/avr5\libgcc.a(_tablejump2.o)
                0x00003c2a                __tablejump2__
 .text.libgcc.div
                0x00003c36       0x28 c:/msys64/home/pc-office/qmk_utils/avr8-gnu-toolchain/bin/../lib/gcc/avr/8.3.0/avr5\libgcc.a(_udivmodhi4.o)
                0x00003c36                __udivmodhi4
 .text.avr-libc
                0x00003c5e       0x10 c:/msys64/home/pc-office/qmk_utils/avr8-gnu-toolchain/bin/../lib/gcc/avr/8.3.0/../../../../avr/lib/avr5\libatmega32u4.a(eerd_byte.o)
                0x00003c5e                eeprom_read_byte
 .text.avr-libc
                0x00003c6e        0xc c:/msys64/home/pc-office/qmk_utils/avr8-gnu-toolchain/bin/../lib/gcc/avr/8.3.0/../../../../avr/lib/avr5\libatmega32u4.a(eerd_word.o)
                0x00003c6e                eeprom_read_word
 .text.avr-libc
                0x00003c7a       0x24 c:/msys64/home/pc-office/qmk_utils/avr8-gnu-toolchain/bin/../lib/gcc/avr/8.3.0/../../../../avr/lib/avr5\libatmega32u4.a(eeupd_byte.o)
                0x00003c7a                eeprom_update_byte
                0x00003c7c                eeprom_update_r18
 .text.avr-libc
                0x00003c9e        0xc c:/msys64/home/pc-office/qmk_utils/avr8-gnu-toolchain/bin/../lib/gcc/avr/8.3.0/../../../../avr/lib/avr5\libatmega32u4.a(eeupd_word.o)
                0x00003c9e                eeprom_update_word
 .text.avr-libc
                0x00003caa       0x20 c:/msys64/home/pc-office/qmk_utils/avr8-gnu-toolchain/bin/../lib/gcc/avr/8.3.0/../../../../avr/lib/avr5\libatmega32u4.a(eerd_block.o)
                0x00003caa                eeprom_read_block
                0x00003cae                eeprom_read_blraw
                0x00003cca                . = ALIGN (0x2)
 *(.fini9)
 .fini9         0x00003cca        0x0 c:/msys64/home/pc-office/qmk_utils/avr8-gnu-toolchain/bin/../lib/gcc/avr/8.3.0/avr5\libgcc.a(_exit.o)
                0x00003cca                _exit
                0x00003cca                exit
 *(.fini9)
 *(.fini8)
 *(.fini8)
 *(.fini7)
 *(.fini7)
 *(.fini6)
 *(.fini6)
 *(.fini5)
 *(.fini5)
 *(.fini4)
 *(.fini4)
 *(.fini3)
 *(.fini3)
 *(.fini2)
 *(.fini2)
 *(.fini1)
 *(.fini1)
 *(.fini0)
 .fini0         0x00003cca        0x4 c:/msys64/home/pc-office/qmk_utils/avr8-gnu-toolchain/bin/../lib/gcc/avr/8.3.0/avr5\libgcc.a(_exit.o)
 *(.fini0)
 *(.hightext)
 *(.hightext*)
 *(.progmemx.*)
                0x00003cce                . = ALIGN (0x2)
 *(.jumptables)
 *(.jumptables*)
 .jumptables.gcc.process_record_quantum
                0x00003cce       0x24 .build/obj_kb_default/quantum/quantum.o
 .jumptables.gcc.process_action
                0x00003cf2       0x4a .build/obj_kb_default/common/action.o
 .jumptables.gcc.is_tap_key
                0x00003d3c       0x1c .build/obj_kb_default/common/action.o
 .jumptables.gcc.USB_Device_ProcessControlRequest
                0x00003d58       0x14 .build/obj_kb_default/protocol/lufa/LUFA-git/LUFA/Drivers/USB/Core/DeviceStandardReq.o
                0x00003d6c                _etext = .

.data           0x00800100       0x2a load address 0x00003d6c
                0x00800100                PROVIDE (__data_start = .)
 *(.data)
 *(.data*)
 .data.keyboard_report
                0x00800100        0x2 .build/obj_kb_default/common/action_util.o
                0x00800100                keyboard_report
 .data.mk_wheel_time_to_max
                0x00800102        0x1 .build/obj_kb_default/common/mousekey.o
                0x00800102                mk_wheel_time_to_max
 .data.mk_wheel_max_speed
                0x00800103        0x1 .build/obj_kb_default/common/mousekey.o
                0x00800103                mk_wheel_max_speed
 .data.mk_time_to_max
                0x00800104        0x1 .build/obj_kb_default/common/mousekey.o
                0x00800104                mk_time_to_max
 .data.mk_max_speed
                0x00800105        0x1 .build/obj_kb_default/common/mousekey.o
                0x00800105                mk_max_speed
 .data.mk_interval
                0x00800106        0x1 .build/obj_kb_default/common/mousekey.o
                0x00800106                mk_interval
 .data.mk_delay
                0x00800107        0x1 .build/obj_kb_default/common/mousekey.o
                0x00800107                mk_delay
 .data.lufa_driver
                0x00800108        0xa .build/obj_kb_default/lufa.o
                0x00800108                lufa_driver
 .data.keyboard_protocol
                0x00800112        0x1 .build/obj_kb_default/lufa.o
                0x00800112                keyboard_protocol
 *(.gnu.linkonce.d*)
 *(.rodata)
 *(.rodata*)
 .rodata.row_pins
                0x00800113        0x2 .build/obj_kb_default/quantum/matrix.o
 .rodata.CSWTCH.2
                0x00800115        0x4 .build/obj_kb_default/descriptor.o
 .rodata.CSWTCH.1
                0x00800119        0x8 .build/obj_kb_default/descriptor.o
 .rodata.CSWTCH.0
                0x00800121        0x8 .build/obj_kb_default/descriptor.o
 *(.gnu.linkonce.r*)
                0x0080012a                . = ALIGN (0x2)
 *fill*         0x00800129        0x1 
                0x0080012a                _edata = .
                0x0080012a                PROVIDE (__data_end = .)

.bss            0x0080012a       0xcd
                0x0080012a                PROVIDE (__bss_start = .)
 *(.bss)
 *(.bss*)
 .bss.scs_timer
                0x0080012a        0x2 .build/obj_kb_default/quantum/quantum.o
 .bss.shift_interrupted
                0x0080012c        0x2 .build/obj_kb_default/quantum/quantum.o
 .bss.leader_sequence_size
                0x0080012e        0x1 .build/obj_kb_default/quantum/process_keycode/process_leader.o
                0x0080012e                leader_sequence_size
 .bss.leader_sequence
                0x0080012f        0xa .build/obj_kb_default/quantum/process_keycode/process_leader.o
                0x0080012f                leader_sequence
 .bss.leader_time
                0x00800139        0x2 .build/obj_kb_default/quantum/process_keycode/process_leader.o
                0x00800139                leader_time
 .bss.leading   0x0080013b        0x1 .build/obj_kb_default/quantum/process_keycode/process_leader.o
                0x0080013b                leading
 .bss.matrix_debouncing
                0x0080013c        0x2 .build/obj_kb_default/quantum/matrix.o
 .bss.matrix    0x0080013e        0x2 .build/obj_kb_default/quantum/matrix.o
 .bss.debouncing
                0x00800140        0x1 .build/obj_kb_default/quantum/matrix.o
 .bss.debouncing_time
                0x00800141        0x2 .build/obj_kb_default/quantum/matrix.o
 .bss.last_consumer_report
                0x00800143        0x2 .build/obj_kb_default/common/host.o
 .bss.last_system_report
                0x00800145        0x2 .build/obj_kb_default/common/host.o
 .bss.driver    0x00800147        0x2 .build/obj_kb_default/common/host.o
 .bss.led_status.5006
                0x00800149        0x1 .build/obj_kb_default/common/keyboard.o
 .bss.matrix_prev.5005
                0x0080014a        0x2 .build/obj_kb_default/common/keyboard.o
 .bss.disable_action_cache
                0x0080014c        0x1 .build/obj_kb_default/common/action.o
                0x0080014c                disable_action_cache
 .bss.waiting_buffer_tail
                0x0080014d        0x1 .build/obj_kb_default/common/action_tapping.o
 .bss.waiting_buffer_head
                0x0080014e        0x1 .build/obj_kb_default/common/action_tapping.o
 .bss.waiting_buffer
                0x0080014f       0x30 .build/obj_kb_default/common/action_tapping.o
 .bss.tapping_key
                0x0080017f        0x6 .build/obj_kb_default/common/action_tapping.o
 .bss.source_layers_cache
                0x00800185        0x5 .build/obj_kb_default/common/action_layer.o
                0x00800185                source_layers_cache
 .bss.layer_state
                0x0080018a        0x4 .build/obj_kb_default/common/action_layer.o
                0x0080018a                layer_state
 .bss.default_layer_state
                0x0080018e        0x4 .build/obj_kb_default/common/action_layer.o
                0x0080018e                default_layer_state
 .bss.oneshot_layer_data
                0x00800192        0x1 .build/obj_kb_default/common/action_util.o
 .bss.oneshot_mods
                0x00800193        0x1 .build/obj_kb_default/common/action_util.o
 .bss.__compound_literal.0
                0x00800194       0x20 .build/obj_kb_default/common/action_util.o
 .bss.macro_mods
                0x008001b4        0x1 .build/obj_kb_default/common/action_util.o
 .bss.weak_mods
                0x008001b5        0x1 .build/obj_kb_default/common/action_util.o
 .bss.real_mods
                0x008001b6        0x1 .build/obj_kb_default/common/action_util.o
 .bss.debug_config
                0x008001b7        0x1 .build/obj_kb_default/common/debug.o
                0x008001b7                debug_config
 .bss.wdt_timeout
                0x008001b8        0x1 .build/obj_kb_default/common/avr/suspend.o
 .bss.last_timer
                0x008001b9        0x2 .build/obj_kb_default/common/mousekey.o
 .bss.mousekey_accel
                0x008001bb        0x1 .build/obj_kb_default/common/mousekey.o
 .bss.mousekey_repeat
                0x008001bc        0x1 .build/obj_kb_default/common/mousekey.o
 .bss.mouse_report
                0x008001bd        0x5 .build/obj_kb_default/common/mousekey.o
 .bss.keyboard_report_sent
                0x008001c2       0x20 .build/obj_kb_default/lufa.o
 .bss.keyboard_led_stats
                0x008001e2        0x1 .build/obj_kb_default/lufa.o
 .bss.keyboard_idle
                0x008001e3        0x1 .build/obj_kb_default/lufa.o
                0x008001e3                keyboard_idle
 *(COMMON)
 COMMON         0x008001e4        0x4 .build/obj_kb_default/common/avr/timer.o
                0x008001e4                timer_count
 COMMON         0x008001e8        0x2 .build/obj_kb_default/common/bootmagic.o
                0x008001e8                keymap_config
 COMMON         0x008001ea        0x3 .build/obj_kb_default/protocol/lufa/LUFA-git/LUFA/Drivers/USB/Core/DeviceStandardReq.o
                0x008001ea                USB_Device_ConfigurationNumber
                0x008001eb                USB_Device_CurrentlySelfPowered
                0x008001ec                USB_Device_RemoteWakeupEnabled
 COMMON         0x008001ed        0xa .build/obj_kb_default/protocol/lufa/LUFA-git/LUFA/Drivers/USB/Core/USBTask.o
                0x008001ed                USB_IsInitialized
                0x008001ee                USB_DeviceState
                0x008001ef                USB_ControlRequest
                0x008001f7                PROVIDE (__bss_end = .)
                0x00003d6c                __data_load_start = LOADADDR (.data)
                0x00003d96                __data_load_end = (__data_load_start + SIZEOF (.data))

.noinit         0x008001f7        0x4
                [!provide]                PROVIDE (__noinit_start = .)
 *(.noinit*)
 .noinit        0x008001f7        0x4 .build/obj_kb_default/common/avr/bootloader.o
                0x008001f7                reset_key
                [!provide]                PROVIDE (__noinit_end = .)
                0x008001fb                _end = .
                [!provide]                PROVIDE (__heap_start = .)

.eeprom         0x00810000        0x0
 *(.eeprom*)
                0x00810000                __eeprom_end = .

.fuse
 *(.fuse)
 *(.lfuse)
 *(.hfuse)
 *(.efuse)

.lock
 *(.lock*)

.signature
 *(.signature*)

.stab
 *(.stab)

.stabstr        0x00000000       0x78
 *(.stabstr)
 .stabstr       0x00000000       0x78 .build/obj_kb_default/common/avr/xprintf.o

.stab.excl
 *(.stab.excl)

.stab.exclstr
 *(.stab.exclstr)

.stab.index
 *(.stab.index)

.stab.indexstr
 *(.stab.indexstr)

.comment        0x00000000       0x11
 *(.comment)
 .comment       0x00000000       0x11 .build/obj_kb_default/keyboards/kb/keymaps/default/keymap.o
                                 0x12 (size before relaxing)
 .comment       0x00000011       0x12 .build/obj_kb_default/quantum/quantum.o
 .comment       0x00000011       0x12 .build/obj_kb_default/quantum/keymap_common.o
 .comment       0x00000011       0x12 .build/obj_kb_default/quantum/keycode_config.o
 .comment       0x00000011       0x12 .build/obj_kb_default/quantum/process_keycode/process_leader.o
 .comment       0x00000011       0x12 .build/obj_kb_default/quantum/matrix.o
 .comment       0x00000011       0x12 .build/obj_kb_default/common/host.o
 .comment       0x00000011       0x12 .build/obj_kb_default/common/keyboard.o
 .comment       0x00000011       0x12 .build/obj_kb_default/common/action.o
 .comment       0x00000011       0x12 .build/obj_kb_default/common/action_tapping.o
 .comment       0x00000011       0x12 .build/obj_kb_default/common/action_macro.o
 .comment       0x00000011       0x12 .build/obj_kb_default/common/action_layer.o
 .comment       0x00000011       0x12 .build/obj_kb_default/common/action_util.o
 .comment       0x00000011       0x12 .build/obj_kb_default/common/debug.o
 .comment       0x00000011       0x12 .build/obj_kb_default/common/eeconfig.o
 .comment       0x00000011       0x12 .build/obj_kb_default/common/avr/suspend.o
 .comment       0x00000011       0x12 .build/obj_kb_default/common/avr/timer.o
 .comment       0x00000011       0x12 .build/obj_kb_default/common/avr/bootloader.o
 .comment       0x00000011       0x12 .build/obj_kb_default/common/bootmagic.o
 .comment       0x00000011       0x12 .build/obj_kb_default/common/mousekey.o
 .comment       0x00000011       0x12 .build/obj_kb_default/lufa.o
 .comment       0x00000011       0x12 .build/obj_kb_default/descriptor.o
 .comment       0x00000011       0x12 .build/obj_kb_default/protocol/lufa/LUFA-git/LUFA/Drivers/USB/Core/AVR8/Device_AVR8.o
 .comment       0x00000011       0x12 .build/obj_kb_default/protocol/lufa/LUFA-git/LUFA/Drivers/USB/Core/AVR8/EndpointStream_AVR8.o
 .comment       0x00000011       0x12 .build/obj_kb_default/protocol/lufa/LUFA-git/LUFA/Drivers/USB/Core/AVR8/Endpoint_AVR8.o
 .comment       0x00000011       0x12 .build/obj_kb_default/protocol/lufa/LUFA-git/LUFA/Drivers/USB/Core/AVR8/USBController_AVR8.o
 .comment       0x00000011       0x12 .build/obj_kb_default/protocol/lufa/LUFA-git/LUFA/Drivers/USB/Core/AVR8/USBInterrupt_AVR8.o
 .comment       0x00000011       0x12 .build/obj_kb_default/protocol/lufa/LUFA-git/LUFA/Drivers/USB/Core/DeviceStandardReq.o
 .comment       0x00000011       0x12 .build/obj_kb_default/protocol/lufa/LUFA-git/LUFA/Drivers/USB/Core/Events.o
 .comment       0x00000011       0x12 .build/obj_kb_default/protocol/lufa/LUFA-git/LUFA/Drivers/USB/Core/USBTask.o

.note.gnu.avr.deviceinfo
                0x00000000       0x40
 .note.gnu.avr.deviceinfo
                0x00000000       0x40 c:/msys64/home/pc-office/qmk_utils/avr8-gnu-toolchain/bin/../lib/gcc/avr/8.3.0/../../../../avr/lib/avr5/crtatmega32u4.o

.note.gnu.build-id
 *(.note.gnu.build-id)

.debug
 *(.debug)

.line
 *(.line)

.debug_srcinfo
 *(.debug_srcinfo)

.debug_sfnames
 *(.debug_sfnames)

.debug_aranges  0x00000000      0xa78
 *(.debug_aranges)
 .debug_aranges
                0x00000000       0x38 .build/obj_kb_default/keyboards/kb/keymaps/default/keymap.o
 .debug_aranges
                0x00000038       0xc8 .build/obj_kb_default/quantum/quantum.o
 .debug_aranges
                0x00000100       0x40 .build/obj_kb_default/quantum/keymap_common.o
 .debug_aranges
                0x00000140       0x20 .build/obj_kb_default/quantum/keycode_config.o
 .debug_aranges
                0x00000160       0x28 .build/obj_kb_default/quantum/process_keycode/process_leader.o
 .debug_aranges
                0x00000188       0x80 .build/obj_kb_default/quantum/matrix.o
 .debug_aranges
                0x00000208       0x60 .build/obj_kb_default/common/host.o
 .debug_aranges
                0x00000268       0x40 .build/obj_kb_default/common/keyboard.o
 .debug_aranges
                0x000002a8       0x90 .build/obj_kb_default/common/action.o
 .debug_aranges
                0x00000338       0x40 .build/obj_kb_default/common/action_tapping.o
 .debug_aranges
                0x00000378       0x20 .build/obj_kb_default/common/action_macro.o
 .debug_aranges
                0x00000398       0xa8 .build/obj_kb_default/common/action_layer.o
 .debug_aranges
                0x00000440      0x128 .build/obj_kb_default/common/action_util.o
 .debug_aranges
                0x00000568       0x18 .build/obj_kb_default/common/debug.o
 .debug_aranges
                0x00000580       0x68 .build/obj_kb_default/common/eeconfig.o
 .debug_aranges
                0x000005e8       0x48 .build/obj_kb_default/common/avr/suspend.o
 .debug_aranges
                0x00000630       0x50 .build/obj_kb_default/common/avr/timer.o
 .debug_aranges
                0x00000680       0x28 .build/obj_kb_default/common/avr/bootloader.o
 .debug_aranges
                0x000006a8       0x30 .build/obj_kb_default/common/bootmagic.o
 .debug_aranges
                0x000006d8       0x50 .build/obj_kb_default/common/mousekey.o
 .debug_aranges
                0x00000728       0x80 .build/obj_kb_default/lufa.o
 .debug_aranges
                0x000007a8       0x20 .build/obj_kb_default/descriptor.o
 .debug_aranges
                0x000007c8       0x20 .build/obj_kb_default/protocol/lufa/LUFA-git/LUFA/Drivers/USB/Core/AVR8/Device_AVR8.o
 .debug_aranges
                0x000007e8       0xc8 .build/obj_kb_default/protocol/lufa/LUFA-git/LUFA/Drivers/USB/Core/AVR8/EndpointStream_AVR8.o
 .debug_aranges
                0x000008b0       0x40 .build/obj_kb_default/protocol/lufa/LUFA-git/LUFA/Drivers/USB/Core/AVR8/Endpoint_AVR8.o
 .debug_aranges
                0x000008f0       0x30 .build/obj_kb_default/protocol/lufa/LUFA-git/LUFA/Drivers/USB/Core/AVR8/USBController_AVR8.o
 .debug_aranges
                0x00000920       0x38 .build/obj_kb_default/protocol/lufa/LUFA-git/LUFA/Drivers/USB/Core/AVR8/USBInterrupt_AVR8.o
 .debug_aranges
                0x00000958       0x20 .build/obj_kb_default/protocol/lufa/LUFA-git/LUFA/Drivers/USB/Core/DeviceStandardReq.o
 .debug_aranges
                0x00000978       0x20 .build/obj_kb_default/protocol/lufa/LUFA-git/LUFA/Drivers/USB/Core/Events.o
 .debug_aranges
                0x00000998       0x20 .build/obj_kb_default/protocol/lufa/LUFA-git/LUFA/Drivers/USB/Core/USBTask.o
 .debug_aranges
                0x000009b8       0x20 c:/msys64/home/pc-office/qmk_utils/avr8-gnu-toolchain/bin/../lib/gcc/avr/8.3.0/avr5\libgcc.a(_divmodhi4.o)
 .debug_aranges
                0x000009d8       0x20 c:/msys64/home/pc-office/qmk_utils/avr8-gnu-toolchain/bin/../lib/gcc/avr/8.3.0/avr5\libgcc.a(_exit.o)
 .debug_aranges
                0x000009f8       0x20 c:/msys64/home/pc-office/qmk_utils/avr8-gnu-toolchain/bin/../lib/gcc/avr/8.3.0/avr5\libgcc.a(_tablejump2.o)
 .debug_aranges
                0x00000a18       0x20 c:/msys64/home/pc-office/qmk_utils/avr8-gnu-toolchain/bin/../lib/gcc/avr/8.3.0/avr5\libgcc.a(_copy_data.o)
 .debug_aranges
                0x00000a38       0x20 c:/msys64/home/pc-office/qmk_utils/avr8-gnu-toolchain/bin/../lib/gcc/avr/8.3.0/avr5\libgcc.a(_clear_bss.o)
 .debug_aranges
                0x00000a58       0x20 c:/msys64/home/pc-office/qmk_utils/avr8-gnu-toolchain/bin/../lib/gcc/avr/8.3.0/avr5\libgcc.a(_udivmodhi4.o)

.debug_pubnames
 *(.debug_pubnames)

.debug_info     0x00000000    0x14f60
 *(.debug_info .gnu.linkonce.wi.*)
 .debug_info    0x00000000      0x9f4 c:/msys64/home/pc-office/qmk_utils/avr8-gnu-toolchain/bin/../lib/gcc/avr/8.3.0/../../../../avr/lib/avr5/crtatmega32u4.o
 .debug_info    0x000009f4      0xd80 .build/obj_kb_default/keyboards/kb/keymaps/default/keymap.o
 .debug_info    0x00001774     0x1a54 .build/obj_kb_default/quantum/quantum.o
 .debug_info    0x000031c8     0x160c .build/obj_kb_default/quantum/keymap_common.o
 .debug_info    0x000047d4      0x595 .build/obj_kb_default/quantum/keycode_config.o
 .debug_info    0x00004d69      0xa5a .build/obj_kb_default/quantum/process_keycode/process_leader.o
 .debug_info    0x000057c3      0x812 .build/obj_kb_default/quantum/matrix.o
 .debug_info    0x00005fd5      0x6b0 .build/obj_kb_default/common/host.o
 .debug_info    0x00006685      0x814 .build/obj_kb_default/common/keyboard.o
 .debug_info    0x00006e99     0x1c4d .build/obj_kb_default/common/action.o
 .debug_info    0x00008ae6      0xf64 .build/obj_kb_default/common/action_tapping.o
 .debug_info    0x00009a4a      0xb2d .build/obj_kb_default/common/action_macro.o
 .debug_info    0x0000a577      0xc26 .build/obj_kb_default/common/action_layer.o
 .debug_info    0x0000b19d      0xd02 .build/obj_kb_default/common/action_util.o
 .debug_info    0x0000be9f      0x110 .build/obj_kb_default/common/debug.o
 .debug_info    0x0000bfaf      0x371 .build/obj_kb_default/common/eeconfig.o
 .debug_info    0x0000c320      0x6d2 .build/obj_kb_default/common/avr/suspend.o
 .debug_info    0x0000c9f2      0x42c .build/obj_kb_default/common/avr/timer.o
 .debug_info    0x0000ce1e      0x3e4 .build/obj_kb_default/common/avr/bootloader.o
 .debug_info    0x0000d202      0xd8a .build/obj_kb_default/common/bootmagic.o
 .debug_info    0x0000df8c      0x836 .build/obj_kb_default/common/mousekey.o
 .debug_info    0x0000e7c2     0x161f .build/obj_kb_default/lufa.o
 .debug_info    0x0000fde1      0x9e7 .build/obj_kb_default/descriptor.o
 .debug_info    0x000107c8      0x1c0 .build/obj_kb_default/protocol/lufa/LUFA-git/LUFA/Drivers/USB/Core/AVR8/Device_AVR8.o
 .debug_info    0x00010988     0x1da4 .build/obj_kb_default/protocol/lufa/LUFA-git/LUFA/Drivers/USB/Core/AVR8/EndpointStream_AVR8.o
 .debug_info    0x0001272c      0x75d .build/obj_kb_default/protocol/lufa/LUFA-git/LUFA/Drivers/USB/Core/AVR8/Endpoint_AVR8.o
 .debug_info    0x00012e89      0x606 .build/obj_kb_default/protocol/lufa/LUFA-git/LUFA/Drivers/USB/Core/AVR8/USBController_AVR8.o
 .debug_info    0x0001348f      0xa43 .build/obj_kb_default/protocol/lufa/LUFA-git/LUFA/Drivers/USB/Core/AVR8/USBInterrupt_AVR8.o
 .debug_info    0x00013ed2      0xc36 .build/obj_kb_default/protocol/lufa/LUFA-git/LUFA/Drivers/USB/Core/DeviceStandardReq.o
 .debug_info    0x00014b08       0x79 .build/obj_kb_default/protocol/lufa/LUFA-git/LUFA/Drivers/USB/Core/Events.o
 .debug_info    0x00014b81      0x2fb .build/obj_kb_default/protocol/lufa/LUFA-git/LUFA/Drivers/USB/Core/USBTask.o
 .debug_info    0x00014e7c       0x26 c:/msys64/home/pc-office/qmk_utils/avr8-gnu-toolchain/bin/../lib/gcc/avr/8.3.0/avr5\libgcc.a(_divmodhi4.o)
 .debug_info    0x00014ea2       0x26 c:/msys64/home/pc-office/qmk_utils/avr8-gnu-toolchain/bin/../lib/gcc/avr/8.3.0/avr5\libgcc.a(_exit.o)
 .debug_info    0x00014ec8       0x26 c:/msys64/home/pc-office/qmk_utils/avr8-gnu-toolchain/bin/../lib/gcc/avr/8.3.0/avr5\libgcc.a(_tablejump2.o)
 .debug_info    0x00014eee       0x26 c:/msys64/home/pc-office/qmk_utils/avr8-gnu-toolchain/bin/../lib/gcc/avr/8.3.0/avr5\libgcc.a(_copy_data.o)
 .debug_info    0x00014f14       0x26 c:/msys64/home/pc-office/qmk_utils/avr8-gnu-toolchain/bin/../lib/gcc/avr/8.3.0/avr5\libgcc.a(_clear_bss.o)
 .debug_info    0x00014f3a       0x26 c:/msys64/home/pc-office/qmk_utils/avr8-gnu-toolchain/bin/../lib/gcc/avr/8.3.0/avr5\libgcc.a(_udivmodhi4.o)

.debug_abbrev   0x00000000     0x53a9
 *(.debug_abbrev)
 .debug_abbrev  0x00000000      0x96a c:/msys64/home/pc-office/qmk_utils/avr8-gnu-toolchain/bin/../lib/gcc/avr/8.3.0/../../../../avr/lib/avr5/crtatmega32u4.o
 .debug_abbrev  0x0000096a      0x24c .build/obj_kb_default/keyboards/kb/keymaps/default/keymap.o
 .debug_abbrev  0x00000bb6      0x4bc .build/obj_kb_default/quantum/quantum.o
 .debug_abbrev  0x00001072      0x2a6 .build/obj_kb_default/quantum/keymap_common.o
 .debug_abbrev  0x00001318       0xe7 .build/obj_kb_default/quantum/keycode_config.o
 .debug_abbrev  0x000013ff      0x20d .build/obj_kb_default/quantum/process_keycode/process_leader.o
 .debug_abbrev  0x0000160c      0x3f4 .build/obj_kb_default/quantum/matrix.o
 .debug_abbrev  0x00001a00      0x231 .build/obj_kb_default/common/host.o
 .debug_abbrev  0x00001c31      0x2b3 .build/obj_kb_default/common/keyboard.o
 .debug_abbrev  0x00001ee4      0x3aa .build/obj_kb_default/common/action.o
 .debug_abbrev  0x0000228e      0x341 .build/obj_kb_default/common/action_tapping.o
 .debug_abbrev  0x000025cf      0x284 .build/obj_kb_default/common/action_macro.o
 .debug_abbrev  0x00002853      0x2de .build/obj_kb_default/common/action_layer.o
 .debug_abbrev  0x00002b31      0x3be .build/obj_kb_default/common/action_util.o
 .debug_abbrev  0x00002eef       0xa2 .build/obj_kb_default/common/debug.o
 .debug_abbrev  0x00002f91       0xcf .build/obj_kb_default/common/eeconfig.o
 .debug_abbrev  0x00003060      0x315 .build/obj_kb_default/common/avr/suspend.o
 .debug_abbrev  0x00003375      0x1c3 .build/obj_kb_default/common/avr/timer.o
 .debug_abbrev  0x00003538      0x248 .build/obj_kb_default/common/avr/bootloader.o
 .debug_abbrev  0x00003780      0x2f3 .build/obj_kb_default/common/bootmagic.o
 .debug_abbrev  0x00003a73      0x261 .build/obj_kb_default/common/mousekey.o
 .debug_abbrev  0x00003cd4      0x4d1 .build/obj_kb_default/lufa.o
 .debug_abbrev  0x000041a5      0x207 .build/obj_kb_default/descriptor.o
 .debug_abbrev  0x000043ac       0xcb .build/obj_kb_default/protocol/lufa/LUFA-git/LUFA/Drivers/USB/Core/AVR8/Device_AVR8.o
 .debug_abbrev  0x00004477      0x23b .build/obj_kb_default/protocol/lufa/LUFA-git/LUFA/Drivers/USB/Core/AVR8/EndpointStream_AVR8.o
 .debug_abbrev  0x000046b2      0x29d .build/obj_kb_default/protocol/lufa/LUFA-git/LUFA/Drivers/USB/Core/AVR8/Endpoint_AVR8.o
 .debug_abbrev  0x0000494f      0x1f5 .build/obj_kb_default/protocol/lufa/LUFA-git/LUFA/Drivers/USB/Core/AVR8/USBController_AVR8.o
 .debug_abbrev  0x00004b44      0x2a5 .build/obj_kb_default/protocol/lufa/LUFA-git/LUFA/Drivers/USB/Core/AVR8/USBInterrupt_AVR8.o
 .debug_abbrev  0x00004de9      0x34f .build/obj_kb_default/protocol/lufa/LUFA-git/LUFA/Drivers/USB/Core/DeviceStandardReq.o
 .debug_abbrev  0x00005138       0x46 .build/obj_kb_default/protocol/lufa/LUFA-git/LUFA/Drivers/USB/Core/Events.o
 .debug_abbrev  0x0000517e      0x1b3 .build/obj_kb_default/protocol/lufa/LUFA-git/LUFA/Drivers/USB/Core/USBTask.o
 .debug_abbrev  0x00005331       0x14 c:/msys64/home/pc-office/qmk_utils/avr8-gnu-toolchain/bin/../lib/gcc/avr/8.3.0/avr5\libgcc.a(_divmodhi4.o)
 .debug_abbrev  0x00005345       0x14 c:/msys64/home/pc-office/qmk_utils/avr8-gnu-toolchain/bin/../lib/gcc/avr/8.3.0/avr5\libgcc.a(_exit.o)
 .debug_abbrev  0x00005359       0x14 c:/msys64/home/pc-office/qmk_utils/avr8-gnu-toolchain/bin/../lib/gcc/avr/8.3.0/avr5\libgcc.a(_tablejump2.o)
 .debug_abbrev  0x0000536d       0x14 c:/msys64/home/pc-office/qmk_utils/avr8-gnu-toolchain/bin/../lib/gcc/avr/8.3.0/avr5\libgcc.a(_copy_data.o)
 .debug_abbrev  0x00005381       0x14 c:/msys64/home/pc-office/qmk_utils/avr8-gnu-toolchain/bin/../lib/gcc/avr/8.3.0/avr5\libgcc.a(_clear_bss.o)
 .debug_abbrev  0x00005395       0x14 c:/msys64/home/pc-office/qmk_utils/avr8-gnu-toolchain/bin/../lib/gcc/avr/8.3.0/avr5\libgcc.a(_udivmodhi4.o)

.debug_line     0x00000000    0x1182b
 *(.debug_line .debug_line.* .debug_line_end)
 .debug_line    0x00000000       0x1d c:/msys64/home/pc-office/qmk_utils/avr8-gnu-toolchain/bin/../lib/gcc/avr/8.3.0/../../../../avr/lib/avr5/crtatmega32u4.o
 .debug_line    0x0000001d      0x369 .build/obj_kb_default/keyboards/kb/keymaps/default/keymap.o
 .debug_line    0x00000386      0xf18 .build/obj_kb_default/quantum/quantum.o
 .debug_line    0x0000129e      0x7fb .build/obj_kb_default/quantum/keymap_common.o
 .debug_line    0x00001a99      0x2a7 .build/obj_kb_default/quantum/keycode_config.o
 .debug_line    0x00001d40      0x42c .build/obj_kb_default/quantum/process_keycode/process_leader.o
 .debug_line    0x0000216c      0x6fa .build/obj_kb_default/quantum/matrix.o
 .debug_line    0x00002866      0x3c2 .build/obj_kb_default/common/host.o
 .debug_line    0x00002c28      0x4f1 .build/obj_kb_default/common/keyboard.o
 .debug_line    0x00003119     0x1393 .build/obj_kb_default/common/action.o
 .debug_line    0x000044ac      0xcd8 .build/obj_kb_default/common/action_tapping.o
 .debug_line    0x00005184      0x527 .build/obj_kb_default/common/action_macro.o
 .debug_line    0x000056ab      0xa8c .build/obj_kb_default/common/action_layer.o
 .debug_line    0x00006137      0xbcc .build/obj_kb_default/common/action_util.o
 .debug_line    0x00006d03       0x93 .build/obj_kb_default/common/debug.o
 .debug_line    0x00006d96      0x252 .build/obj_kb_default/common/eeconfig.o
 .debug_line    0x00006fe8      0x47d .build/obj_kb_default/common/avr/suspend.o
 .debug_line    0x00007465      0x4eb .build/obj_kb_default/common/avr/timer.o
 .debug_line    0x00007950      0x3b4 .build/obj_kb_default/common/avr/bootloader.o
 .debug_line    0x00007d04      0x985 .build/obj_kb_default/common/bootmagic.o
 .debug_line    0x00008689      0xf01 .build/obj_kb_default/common/mousekey.o
 .debug_line    0x0000958a     0x140e .build/obj_kb_default/lufa.o
 .debug_line    0x0000a998      0x3c9 .build/obj_kb_default/descriptor.o
 .debug_line    0x0000ad61      0x2a1 .build/obj_kb_default/protocol/lufa/LUFA-git/LUFA/Drivers/USB/Core/AVR8/Device_AVR8.o
 .debug_line    0x0000b002     0x344e .build/obj_kb_default/protocol/lufa/LUFA-git/LUFA/Drivers/USB/Core/AVR8/EndpointStream_AVR8.o
 .debug_line    0x0000e450      0xa46 .build/obj_kb_default/protocol/lufa/LUFA-git/LUFA/Drivers/USB/Core/AVR8/Endpoint_AVR8.o
 .debug_line    0x0000ee96      0x724 .build/obj_kb_default/protocol/lufa/LUFA-git/LUFA/Drivers/USB/Core/AVR8/USBController_AVR8.o
 .debug_line    0x0000f5ba      0xdf8 .build/obj_kb_default/protocol/lufa/LUFA-git/LUFA/Drivers/USB/Core/AVR8/USBInterrupt_AVR8.o
 .debug_line    0x000103b2      0xdab .build/obj_kb_default/protocol/lufa/LUFA-git/LUFA/Drivers/USB/Core/DeviceStandardReq.o
 .debug_line    0x0001115d       0x79 .build/obj_kb_default/protocol/lufa/LUFA-git/LUFA/Drivers/USB/Core/Events.o
 .debug_line    0x000111d6      0x2cb .build/obj_kb_default/protocol/lufa/LUFA-git/LUFA/Drivers/USB/Core/USBTask.o
 .debug_line    0x000114a1       0xc7 c:/msys64/home/pc-office/qmk_utils/avr8-gnu-toolchain/bin/../lib/gcc/avr/8.3.0/avr5\libgcc.a(_divmodhi4.o)
 .debug_line    0x00011568       0x61 c:/msys64/home/pc-office/qmk_utils/avr8-gnu-toolchain/bin/../lib/gcc/avr/8.3.0/avr5\libgcc.a(_exit.o)
 .debug_line    0x000115c9       0x79 c:/msys64/home/pc-office/qmk_utils/avr8-gnu-toolchain/bin/../lib/gcc/avr/8.3.0/avr5\libgcc.a(_tablejump2.o)
 .debug_line    0x00011642       0x97 c:/msys64/home/pc-office/qmk_utils/avr8-gnu-toolchain/bin/../lib/gcc/avr/8.3.0/avr5\libgcc.a(_copy_data.o)
 .debug_line    0x000116d9       0x85 c:/msys64/home/pc-office/qmk_utils/avr8-gnu-toolchain/bin/../lib/gcc/avr/8.3.0/avr5\libgcc.a(_clear_bss.o)
 .debug_line    0x0001175e       0xcd c:/msys64/home/pc-office/qmk_utils/avr8-gnu-toolchain/bin/../lib/gcc/avr/8.3.0/avr5\libgcc.a(_udivmodhi4.o)

.debug_frame    0x00000000     0x18dc
 *(.debug_frame)
 .debug_frame   0x00000000       0x64 .build/obj_kb_default/keyboards/kb/keymaps/default/keymap.o
 .debug_frame   0x00000064      0x28c .build/obj_kb_default/quantum/quantum.o
 .debug_frame   0x000002f0       0x64 .build/obj_kb_default/quantum/keymap_common.o
 .debug_frame   0x00000354       0x24 .build/obj_kb_default/quantum/keycode_config.o
 .debug_frame   0x00000378       0x58 .build/obj_kb_default/quantum/process_keycode/process_leader.o
 .debug_frame   0x000003d0      0x150 .build/obj_kb_default/quantum/matrix.o
 .debug_frame   0x00000520       0xa4 .build/obj_kb_default/common/host.o
 .debug_frame   0x000005c4       0xa0 .build/obj_kb_default/common/keyboard.o
 .debug_frame   0x00000664      0x19c .build/obj_kb_default/common/action.o
 .debug_frame   0x00000800       0xe0 .build/obj_kb_default/common/action_tapping.o
 .debug_frame   0x000008e0       0x48 .build/obj_kb_default/common/action_macro.o
 .debug_frame   0x00000928      0x1e4 .build/obj_kb_default/common/action_layer.o
 .debug_frame   0x00000b0c      0x240 .build/obj_kb_default/common/action_util.o
 .debug_frame   0x00000d4c       0xb4 .build/obj_kb_default/common/eeconfig.o
 .debug_frame   0x00000e00       0x98 .build/obj_kb_default/common/avr/suspend.o
 .debug_frame   0x00000e98       0xbc .build/obj_kb_default/common/avr/timer.o
 .debug_frame   0x00000f54       0x34 .build/obj_kb_default/common/avr/bootloader.o
 .debug_frame   0x00000f88       0x6c .build/obj_kb_default/common/bootmagic.o
 .debug_frame   0x00000ff4       0x98 .build/obj_kb_default/common/mousekey.o
 .debug_frame   0x0000108c      0x128 .build/obj_kb_default/lufa.o
 .debug_frame   0x000011b4       0x24 .build/obj_kb_default/descriptor.o
 .debug_frame   0x000011d8       0x24 .build/obj_kb_default/protocol/lufa/LUFA-git/LUFA/Drivers/USB/Core/AVR8/Device_AVR8.o
 .debug_frame   0x000011fc      0x474 .build/obj_kb_default/protocol/lufa/LUFA-git/LUFA/Drivers/USB/Core/AVR8/EndpointStream_AVR8.o
 .debug_frame   0x00001670       0x7c .build/obj_kb_default/protocol/lufa/LUFA-git/LUFA/Drivers/USB/Core/AVR8/Endpoint_AVR8.o
 .debug_frame   0x000016ec       0x5c .build/obj_kb_default/protocol/lufa/LUFA-git/LUFA/Drivers/USB/Core/AVR8/USBController_AVR8.o
 .debug_frame   0x00001748      0x108 .build/obj_kb_default/protocol/lufa/LUFA-git/LUFA/Drivers/USB/Core/AVR8/USBInterrupt_AVR8.o
 .debug_frame   0x00001850       0x3c .build/obj_kb_default/protocol/lufa/LUFA-git/LUFA/Drivers/USB/Core/DeviceStandardReq.o
 .debug_frame   0x0000188c       0x24 .build/obj_kb_default/protocol/lufa/LUFA-git/LUFA/Drivers/USB/Core/Events.o
 .debug_frame   0x000018b0       0x2c .build/obj_kb_default/protocol/lufa/LUFA-git/LUFA/Drivers/USB/Core/USBTask.o

.debug_str      0x00000000     0x477e
 *(.debug_str)
 .debug_str     0x00000000      0x371 c:/msys64/home/pc-office/qmk_utils/avr8-gnu-toolchain/bin/../lib/gcc/avr/8.3.0/../../../../avr/lib/avr5/crtatmega32u4.o
 .debug_str     0x00000371      0xdcb .build/obj_kb_default/keyboards/kb/keymaps/default/keymap.o
                                0xe78 (size before relaxing)
 .debug_str     0x0000113c      0x84b .build/obj_kb_default/quantum/quantum.o
                               0x1375 (size before relaxing)
 .debug_str     0x00001987      0x2fb .build/obj_kb_default/quantum/keymap_common.o
                               0x1647 (size before relaxing)
 .debug_str     0x00001c82       0x19 .build/obj_kb_default/quantum/keycode_config.o
                                0x812 (size before relaxing)
 .debug_str     0x00001c9b       0x7a .build/obj_kb_default/quantum/process_keycode/process_leader.o
                                0xa5d (size before relaxing)
 .debug_str     0x00001d15      0x173 .build/obj_kb_default/quantum/matrix.o
                                0x42e (size before relaxing)
 .debug_str     0x00001e88      0x11d .build/obj_kb_default/common/host.o
                                0x49f (size before relaxing)
 .debug_str     0x00001fa5      0x155 .build/obj_kb_default/common/keyboard.o
                                0x5fb (size before relaxing)
 .debug_str     0x000020fa      0x38f .build/obj_kb_default/common/action.o
                               0x14e2 (size before relaxing)
 .debug_str     0x00002489       0xe8 .build/obj_kb_default/common/action_tapping.o
                                0xb9c (size before relaxing)
 .debug_str     0x00002571       0x76 .build/obj_kb_default/common/action_macro.o
                                0xa27 (size before relaxing)
 .debug_str     0x000025e7       0x80 .build/obj_kb_default/common/action_layer.o
                                0x51e (size before relaxing)
 .debug_str     0x00002667      0x17d .build/obj_kb_default/common/action_util.o
                                0x7a0 (size before relaxing)
 .debug_str     0x000027e4       0x1a .build/obj_kb_default/common/debug.o
                                0x1e7 (size before relaxing)
 .debug_str     0x000027fe       0xea .build/obj_kb_default/common/eeconfig.o
                                0x2cc (size before relaxing)
 .debug_str     0x000028e8      0x169 .build/obj_kb_default/common/avr/suspend.o
                                0x553 (size before relaxing)
 .debug_str     0x00002a51       0x81 .build/obj_kb_default/common/avr/timer.o
                                0x248 (size before relaxing)
 .debug_str     0x00002ad2       0x69 .build/obj_kb_default/common/avr/bootloader.o
                                0x38e (size before relaxing)
 .debug_str     0x00002b3b       0x35 .build/obj_kb_default/common/bootmagic.o
                                0xb87 (size before relaxing)
 .debug_str     0x00002b70       0x78 .build/obj_kb_default/common/mousekey.o
                                0x7d0 (size before relaxing)
 .debug_str     0x00002be8      0x444 .build/obj_kb_default/lufa.o
                                0xafa (size before relaxing)
 .debug_str     0x0000302c      0x76e .build/obj_kb_default/descriptor.o
                                0xa76 (size before relaxing)
 .debug_str     0x0000379a       0x77 .build/obj_kb_default/protocol/lufa/LUFA-git/LUFA/Drivers/USB/Core/AVR8/Device_AVR8.o
                                0x2fc (size before relaxing)
 .debug_str     0x00003811      0x4d5 .build/obj_kb_default/protocol/lufa/LUFA-git/LUFA/Drivers/USB/Core/AVR8/EndpointStream_AVR8.o
                                0x8f0 (size before relaxing)
 .debug_str     0x00003ce6      0x26d .build/obj_kb_default/protocol/lufa/LUFA-git/LUFA/Drivers/USB/Core/AVR8/Endpoint_AVR8.o
                                0x6b0 (size before relaxing)
 .debug_str     0x00003f53      0x19a .build/obj_kb_default/protocol/lufa/LUFA-git/LUFA/Drivers/USB/Core/AVR8/USBController_AVR8.o
                                0x5d4 (size before relaxing)
 .debug_str     0x000040ed      0x15f .build/obj_kb_default/protocol/lufa/LUFA-git/LUFA/Drivers/USB/Core/AVR8/USBInterrupt_AVR8.o
                                0x6a4 (size before relaxing)
 .debug_str     0x0000424c      0x426 .build/obj_kb_default/protocol/lufa/LUFA-git/LUFA/Drivers/USB/Core/DeviceStandardReq.o
                                0xa04 (size before relaxing)
 .debug_str     0x00004672       0x50 .build/obj_kb_default/protocol/lufa/LUFA-git/LUFA/Drivers/USB/Core/Events.o
                                0x1cd (size before relaxing)
 .debug_str     0x000046c2       0x5e .build/obj_kb_default/protocol/lufa/LUFA-git/LUFA/Drivers/USB/Core/USBTask.o
                                0x403 (size before relaxing)
 .debug_str     0x00004720       0x5e c:/msys64/home/pc-office/qmk_utils/avr8-gnu-toolchain/bin/../lib/gcc/avr/8.3.0/avr5\libgcc.a(_divmodhi4.o)
 .debug_str     0x0000477e       0x5e c:/msys64/home/pc-office/qmk_utils/avr8-gnu-toolchain/bin/../lib/gcc/avr/8.3.0/avr5\libgcc.a(_exit.o)
 .debug_str     0x0000477e       0x5e c:/msys64/home/pc-office/qmk_utils/avr8-gnu-toolchain/bin/../lib/gcc/avr/8.3.0/avr5\libgcc.a(_tablejump2.o)
 .debug_str     0x0000477e       0x5e c:/msys64/home/pc-office/qmk_utils/avr8-gnu-toolchain/bin/../lib/gcc/avr/8.3.0/avr5\libgcc.a(_copy_data.o)
 .debug_str     0x0000477e       0x5e c:/msys64/home/pc-office/qmk_utils/avr8-gnu-toolchain/bin/../lib/gcc/avr/8.3.0/avr5\libgcc.a(_clear_bss.o)
 .debug_str     0x0000477e       0x5e c:/msys64/home/pc-office/qmk_utils/avr8-gnu-toolchain/bin/../lib/gcc/avr/8.3.0/avr5\libgcc.a(_udivmodhi4.o)

.debug_loc      0x00000000     0x8aef
 *(.debug_loc)
 .debug_loc     0x00000000       0x54 .build/obj_kb_default/keyboards/kb/keymaps/default/keymap.o
 .debug_loc     0x00000054      0xa76 .build/obj_kb_default/quantum/quantum.o
 .debug_loc     0x00000aca      0x542 .build/obj_kb_default/quantum/keymap_common.o
 .debug_loc     0x0000100c      0x17e .build/obj_kb_default/quantum/keycode_config.o
 .debug_loc     0x0000118a       0xf8 .build/obj_kb_default/quantum/process_keycode/process_leader.o
 .debug_loc     0x00001282      0x4b1 .build/obj_kb_default/quantum/matrix.o
 .debug_loc     0x00001733       0xf0 .build/obj_kb_default/common/host.o
 .debug_loc     0x00001823      0x1b4 .build/obj_kb_default/common/keyboard.o
 .debug_loc     0x000019d7      0xb44 .build/obj_kb_default/common/action.o
 .debug_loc     0x0000251b      0x694 .build/obj_kb_default/common/action_tapping.o
 .debug_loc     0x00002baf      0x583 .build/obj_kb_default/common/action_macro.o
 .debug_loc     0x00003132      0x9cd .build/obj_kb_default/common/action_layer.o
 .debug_loc     0x00003aff      0x3ab .build/obj_kb_default/common/action_util.o
 .debug_loc     0x00003eaa       0x96 .build/obj_kb_default/common/eeconfig.o
 .debug_loc     0x00003f40       0x9b .build/obj_kb_default/common/avr/suspend.o
 .debug_loc     0x00003fdb      0x35b .build/obj_kb_default/common/avr/timer.o
 .debug_loc     0x00004336       0x4e .build/obj_kb_default/common/avr/bootloader.o
 .debug_loc     0x00004384      0x2dc .build/obj_kb_default/common/bootmagic.o
 .debug_loc     0x00004660      0x46f .build/obj_kb_default/common/mousekey.o
 .debug_loc     0x00004acf      0x809 .build/obj_kb_default/lufa.o
 .debug_loc     0x000052d8      0x2d9 .build/obj_kb_default/descriptor.o
 .debug_loc     0x000055b1     0x274e .build/obj_kb_default/protocol/lufa/LUFA-git/LUFA/Drivers/USB/Core/AVR8/EndpointStream_AVR8.o
 .debug_loc     0x00007cff      0x4a0 .build/obj_kb_default/protocol/lufa/LUFA-git/LUFA/Drivers/USB/Core/AVR8/Endpoint_AVR8.o
 .debug_loc     0x0000819f       0xf9 .build/obj_kb_default/protocol/lufa/LUFA-git/LUFA/Drivers/USB/Core/AVR8/USBController_AVR8.o
 .debug_loc     0x00008298      0x492 .build/obj_kb_default/protocol/lufa/LUFA-git/LUFA/Drivers/USB/Core/AVR8/USBInterrupt_AVR8.o
 .debug_loc     0x0000872a      0x363 .build/obj_kb_default/protocol/lufa/LUFA-git/LUFA/Drivers/USB/Core/DeviceStandardReq.o
 .debug_loc     0x00008a8d       0x62 .build/obj_kb_default/protocol/lufa/LUFA-git/LUFA/Drivers/USB/Core/USBTask.o

.debug_macinfo
 *(.debug_macinfo)

.debug_weaknames
 *(.debug_weaknames)

.debug_funcnames
 *(.debug_funcnames)

.debug_typenames
 *(.debug_typenames)

.debug_varnames
 *(.debug_varnames)

.debug_pubtypes
 *(.debug_pubtypes)

.debug_ranges   0x00000000     0x10e8
 *(.debug_ranges)
 .debug_ranges  0x00000000       0x28 .build/obj_kb_default/keyboards/kb/keymaps/default/keymap.o
 .debug_ranges  0x00000028       0xe8 .build/obj_kb_default/quantum/quantum.o
 .debug_ranges  0x00000110       0x30 .build/obj_kb_default/quantum/keymap_common.o
 .debug_ranges  0x00000140       0x10 .build/obj_kb_default/quantum/keycode_config.o
 .debug_ranges  0x00000150       0x18 .build/obj_kb_default/quantum/process_keycode/process_leader.o
 .debug_ranges  0x00000168      0x110 .build/obj_kb_default/quantum/matrix.o
 .debug_ranges  0x00000278       0x50 .build/obj_kb_default/common/host.o
 .debug_ranges  0x000002c8       0x80 .build/obj_kb_default/common/keyboard.o
 .debug_ranges  0x00000348       0xb8 .build/obj_kb_default/common/action.o
 .debug_ranges  0x00000400       0xe8 .build/obj_kb_default/common/action_tapping.o
 .debug_ranges  0x000004e8       0x28 .build/obj_kb_default/common/action_macro.o
 .debug_ranges  0x00000510      0x210 .build/obj_kb_default/common/action_layer.o
 .debug_ranges  0x00000720      0x178 .build/obj_kb_default/common/action_util.o
 .debug_ranges  0x00000898       0x58 .build/obj_kb_default/common/eeconfig.o
 .debug_ranges  0x000008f0       0x68 .build/obj_kb_default/common/avr/suspend.o
 .debug_ranges  0x00000958       0x40 .build/obj_kb_default/common/avr/timer.o
 .debug_ranges  0x00000998       0x30 .build/obj_kb_default/common/avr/bootloader.o
 .debug_ranges  0x000009c8       0x70 .build/obj_kb_default/common/bootmagic.o
 .debug_ranges  0x00000a38       0x40 .build/obj_kb_default/common/mousekey.o
 .debug_ranges  0x00000a78      0x160 .build/obj_kb_default/lufa.o
 .debug_ranges  0x00000bd8       0x28 .build/obj_kb_default/descriptor.o
 .debug_ranges  0x00000c00       0x10 .build/obj_kb_default/protocol/lufa/LUFA-git/LUFA/Drivers/USB/Core/AVR8/Device_AVR8.o
 .debug_ranges  0x00000c10      0x1f8 .build/obj_kb_default/protocol/lufa/LUFA-git/LUFA/Drivers/USB/Core/AVR8/EndpointStream_AVR8.o
 .debug_ranges  0x00000e08       0xd8 .build/obj_kb_default/protocol/lufa/LUFA-git/LUFA/Drivers/USB/Core/AVR8/Endpoint_AVR8.o
 .debug_ranges  0x00000ee0       0x50 .build/obj_kb_default/protocol/lufa/LUFA-git/LUFA/Drivers/USB/Core/AVR8/USBController_AVR8.o
 .debug_ranges  0x00000f30       0x70 .build/obj_kb_default/protocol/lufa/LUFA-git/LUFA/Drivers/USB/Core/AVR8/USBInterrupt_AVR8.o
 .debug_ranges  0x00000fa0      0x128 .build/obj_kb_default/protocol/lufa/LUFA-git/LUFA/Drivers/USB/Core/DeviceStandardReq.o
 .debug_ranges  0x000010c8       0x10 .build/obj_kb_default/protocol/lufa/LUFA-git/LUFA/Drivers/USB/Core/Events.o
 .debug_ranges  0x000010d8       0x10 .build/obj_kb_default/protocol/lufa/LUFA-git/LUFA/Drivers/USB/Core/USBTask.o

.debug_macro
 *(.debug_macro)

.debug_addr
 *(.debug_addr)
OUTPUT(.build/kb_default.elf elf32-avr)
LOAD linker stubs

Cross Reference Table

Symbol                                            File
CALLBACK_HIDParser_FilterHIDReportItem            .build/obj_kb_default/protocol/lufa/LUFA-git/LUFA/Drivers/USB/Class/Common/HIDParser.o
CALLBACK_USB_GetDescriptor                        .build/obj_kb_default/descriptor.o
                                                  .build/obj_kb_default/protocol/lufa/LUFA-git/LUFA/Drivers/USB/Core/DeviceStandardReq.o
ConfigurationDescriptor                           .build/obj_kb_default/descriptor.o
DeviceDescriptor                                  .build/obj_kb_default/descriptor.o
EVENT_USB_Device_ConfigurationChanged             .build/obj_kb_default/lufa.o
                                                  .build/obj_kb_default/protocol/lufa/LUFA-git/LUFA/Drivers/USB/Core/DeviceStandardReq.o
EVENT_USB_Device_Connect                          .build/obj_kb_default/lufa.o
                                                  .build/obj_kb_default/protocol/lufa/LUFA-git/LUFA/Drivers/USB/Core/AVR8/USBInterrupt_AVR8.o
EVENT_USB_Device_ControlRequest                   .build/obj_kb_default/lufa.o
                                                  .build/obj_kb_default/protocol/lufa/LUFA-git/LUFA/Drivers/USB/Core/DeviceStandardReq.o
EVENT_USB_Device_Disconnect                       .build/obj_kb_default/lufa.o
                                                  .build/obj_kb_default/protocol/lufa/LUFA-git/LUFA/Drivers/USB/Core/AVR8/USBInterrupt_AVR8.o
EVENT_USB_Device_Reset                            .build/obj_kb_default/lufa.o
                                                  .build/obj_kb_default/protocol/lufa/LUFA-git/LUFA/Drivers/USB/Core/AVR8/USBInterrupt_AVR8.o
EVENT_USB_Device_StartOfFrame                     .build/obj_kb_default/protocol/lufa/LUFA-git/LUFA/Drivers/USB/Core/Events.o
                                                  .build/obj_kb_default/protocol/lufa/LUFA-git/LUFA/Drivers/USB/Core/AVR8/USBInterrupt_AVR8.o
EVENT_USB_Device_Suspend                          .build/obj_kb_default/lufa.o
                                                  .build/obj_kb_default/protocol/lufa/LUFA-git/LUFA/Drivers/USB/Core/AVR8/USBInterrupt_AVR8.o
EVENT_USB_Device_WakeUp                           .build/obj_kb_default/lufa.o
                                                  .build/obj_kb_default/protocol/lufa/LUFA-git/LUFA/Drivers/USB/Core/AVR8/USBInterrupt_AVR8.o
Endpoint_ClearEndpoints                           .build/obj_kb_default/protocol/lufa/LUFA-git/LUFA/Drivers/USB/Core/AVR8/Endpoint_AVR8.o
Endpoint_ClearStatusStage                         .build/obj_kb_default/protocol/lufa/LUFA-git/LUFA/Drivers/USB/Core/AVR8/Endpoint_AVR8.o
                                                  .build/obj_kb_default/protocol/lufa/LUFA-git/LUFA/Drivers/USB/Core/DeviceStandardReq.o
                                                  .build/obj_kb_default/lufa.o
Endpoint_ConfigureEndpointTable                   .build/obj_kb_default/protocol/lufa/LUFA-git/LUFA/Drivers/USB/Core/AVR8/Endpoint_AVR8.o
Endpoint_ConfigureEndpoint_Prv                    .build/obj_kb_default/protocol/lufa/LUFA-git/LUFA/Drivers/USB/Core/AVR8/Endpoint_AVR8.o
                                                  .build/obj_kb_default/protocol/lufa/LUFA-git/LUFA/Drivers/USB/Core/AVR8/USBInterrupt_AVR8.o
                                                  .build/obj_kb_default/protocol/lufa/LUFA-git/LUFA/Drivers/USB/Core/AVR8/USBController_AVR8.o
                                                  .build/obj_kb_default/lufa.o
Endpoint_Discard_Stream                           .build/obj_kb_default/protocol/lufa/LUFA-git/LUFA/Drivers/USB/Core/AVR8/EndpointStream_AVR8.o
Endpoint_Null_Stream                              .build/obj_kb_default/protocol/lufa/LUFA-git/LUFA/Drivers/USB/Core/AVR8/EndpointStream_AVR8.o
Endpoint_Read_Control_EStream_BE                  .build/obj_kb_default/protocol/lufa/LUFA-git/LUFA/Drivers/USB/Core/AVR8/EndpointStream_AVR8.o
Endpoint_Read_Control_EStream_LE                  .build/obj_kb_default/protocol/lufa/LUFA-git/LUFA/Drivers/USB/Core/AVR8/EndpointStream_AVR8.o
Endpoint_Read_Control_Stream_BE                   .build/obj_kb_default/protocol/lufa/LUFA-git/LUFA/Drivers/USB/Core/AVR8/EndpointStream_AVR8.o
Endpoint_Read_Control_Stream_LE                   .build/obj_kb_default/protocol/lufa/LUFA-git/LUFA/Drivers/USB/Core/AVR8/EndpointStream_AVR8.o
Endpoint_Read_EStream_BE                          .build/obj_kb_default/protocol/lufa/LUFA-git/LUFA/Drivers/USB/Core/AVR8/EndpointStream_AVR8.o
Endpoint_Read_EStream_LE                          .build/obj_kb_default/protocol/lufa/LUFA-git/LUFA/Drivers/USB/Core/AVR8/EndpointStream_AVR8.o
Endpoint_Read_Stream_BE                           .build/obj_kb_default/protocol/lufa/LUFA-git/LUFA/Drivers/USB/Core/AVR8/EndpointStream_AVR8.o
Endpoint_Read_Stream_LE                           .build/obj_kb_default/protocol/lufa/LUFA-git/LUFA/Drivers/USB/Core/AVR8/EndpointStream_AVR8.o
Endpoint_WaitUntilReady                           .build/obj_kb_default/protocol/lufa/LUFA-git/LUFA/Drivers/USB/Core/AVR8/Endpoint_AVR8.o
                                                  .build/obj_kb_default/protocol/lufa/LUFA-git/LUFA/Drivers/USB/Core/AVR8/EndpointStream_AVR8.o
Endpoint_Write_Control_EStream_BE                 .build/obj_kb_default/protocol/lufa/LUFA-git/LUFA/Drivers/USB/Core/AVR8/EndpointStream_AVR8.o
Endpoint_Write_Control_EStream_LE                 .build/obj_kb_default/protocol/lufa/LUFA-git/LUFA/Drivers/USB/Core/AVR8/EndpointStream_AVR8.o
Endpoint_Write_Control_PStream_BE                 .build/obj_kb_default/protocol/lufa/LUFA-git/LUFA/Drivers/USB/Core/AVR8/EndpointStream_AVR8.o
Endpoint_Write_Control_PStream_LE                 .build/obj_kb_default/protocol/lufa/LUFA-git/LUFA/Drivers/USB/Core/AVR8/EndpointStream_AVR8.o
                                                  .build/obj_kb_default/protocol/lufa/LUFA-git/LUFA/Drivers/USB/Core/DeviceStandardReq.o
Endpoint_Write_Control_Stream_BE                  .build/obj_kb_default/protocol/lufa/LUFA-git/LUFA/Drivers/USB/Core/AVR8/EndpointStream_AVR8.o
Endpoint_Write_Control_Stream_LE                  .build/obj_kb_default/protocol/lufa/LUFA-git/LUFA/Drivers/USB/Core/AVR8/EndpointStream_AVR8.o
                                                  .build/obj_kb_default/protocol/lufa/LUFA-git/LUFA/Drivers/USB/Core/DeviceStandardReq.o
                                                  .build/obj_kb_default/lufa.o
Endpoint_Write_EStream_BE                         .build/obj_kb_default/protocol/lufa/LUFA-git/LUFA/Drivers/USB/Core/AVR8/EndpointStream_AVR8.o
Endpoint_Write_EStream_LE                         .build/obj_kb_default/protocol/lufa/LUFA-git/LUFA/Drivers/USB/Core/AVR8/EndpointStream_AVR8.o
Endpoint_Write_PStream_BE                         .build/obj_kb_default/protocol/lufa/LUFA-git/LUFA/Drivers/USB/Core/AVR8/EndpointStream_AVR8.o
Endpoint_Write_PStream_LE                         .build/obj_kb_default/protocol/lufa/LUFA-git/LUFA/Drivers/USB/Core/AVR8/EndpointStream_AVR8.o
Endpoint_Write_Stream_BE                          .build/obj_kb_default/protocol/lufa/LUFA-git/LUFA/Drivers/USB/Core/AVR8/EndpointStream_AVR8.o
Endpoint_Write_Stream_LE                          .build/obj_kb_default/protocol/lufa/LUFA-git/LUFA/Drivers/USB/Core/AVR8/EndpointStream_AVR8.o